Archive member included to satisfy reference by file (symbol)

/home/autobuild/tools/win32/mingw32/lib/libSDLn.a(SDL.o)
                              ../std_modules/modules.o (SDL_Init)
/home/autobuild/tools/win32/mingw32/lib/libSDLn.a(SDL_error.o)
                              /home/autobuild/tools/win32/mingw32/lib/libSDLn.a(SDL.o) (SDL_SetError)
/home/autobuild/tools/win32/mingw32/lib/libSDLn.a(SDL_fatal.o)
                              /home/autobuild/tools/win32/mingw32/lib/libSDLn.a(SDL.o) (SDL_InstallParachute)
/home/autobuild/tools/win32/mingw32/lib/libSDLn.a(SDL_getenv.o)
                              /home/autobuild/tools/win32/mingw32/lib/libSDLn.a(SDL.o) (SDL_getenv)
/home/autobuild/tools/win32/mingw32/lib/libSDLn.a(SDL_kolibri_audio.o)
                              /home/autobuild/tools/win32/mingw32/lib/libSDLn.a(SDL.o) (SDL_AudioInit)
/home/autobuild/tools/win32/mingw32/lib/libSDLn.a(SDL_events.o)
                              ../std_modules/modules.o (SDL_PollEvent)
/home/autobuild/tools/win32/mingw32/lib/libSDLn.a(SDL_keyboard.o)
                              /home/autobuild/tools/win32/mingw32/lib/libSDLn.a(SDL_events.o) (SDL_CheckKeyRepeat)
/home/autobuild/tools/win32/mingw32/lib/libSDLn.a(SDL_mouse.o)
                              /home/autobuild/tools/win32/mingw32/lib/libSDLn.a(SDL_events.o) (SDL_MouseInit)
/home/autobuild/tools/win32/mingw32/lib/libSDLn.a(SDL_quit.o)
                              /home/autobuild/tools/win32/mingw32/lib/libSDLn.a(SDL_events.o) (SDL_QuitInit)
/home/autobuild/tools/win32/mingw32/lib/libSDLn.a(SDL_sysmutex.o)
                              /home/autobuild/tools/win32/mingw32/lib/libSDLn.a(SDL_events.o) (SDL_CreateMutex)
/home/autobuild/tools/win32/mingw32/lib/libSDLn.a(SDL_syssem.o)
                              /home/autobuild/tools/win32/mingw32/lib/libSDLn.a(SDL_sysmutex.o) (SDL_CreateSemaphore)
/home/autobuild/tools/win32/mingw32/lib/libSDLn.a(SDL_systhread.o)
                              /home/autobuild/tools/win32/mingw32/lib/libSDLn.a(SDL_events.o) (SDL_ThreadID)
/home/autobuild/tools/win32/mingw32/lib/libSDLn.a(SDL_thread.o)
                              /home/autobuild/tools/win32/mingw32/lib/libSDLn.a(SDL_events.o) (SDL_CreateThread)
/home/autobuild/tools/win32/mingw32/lib/libSDLn.a(SDL_timer.o)
                              /home/autobuild/tools/win32/mingw32/lib/libSDLn.a(SDL_events.o) (SDL_SetTimerThreaded)
/home/autobuild/tools/win32/mingw32/lib/libSDLn.a(SDL_systimer.o)
                              /home/autobuild/tools/win32/mingw32/lib/libSDLn.a(SDL.o) (SDL_StartTicks)
/home/autobuild/tools/win32/mingw32/lib/libSDLn.a(SDL_cursor.o)
                              /home/autobuild/tools/win32/mingw32/lib/libSDLn.a(SDL_mouse.o) (SDL_MoveCursor)
/home/autobuild/tools/win32/mingw32/lib/libSDLn.a(SDL_pixels.o)
                              ../std_modules/modules.o (SDL_MapRGB)
/home/autobuild/tools/win32/mingw32/lib/libSDLn.a(SDL_surface.o)
                              /home/autobuild/tools/win32/mingw32/lib/libSDLn.a(SDL_cursor.o) (SDL_LockSurface)
/home/autobuild/tools/win32/mingw32/lib/libSDLn.a(SDL_video.o)
                              ../std_modules/modules.o (SDL_GetVideoSurface)
/home/autobuild/tools/win32/mingw32/lib/libSDLn.a(SDL_menuetvideo.o)
                              /home/autobuild/tools/win32/mingw32/lib/libSDLn.a(SDL_video.o) (mosvideo_bootstrab)
/home/autobuild/tools/win32/mingw32/lib/libSDLn.a(SDL_active.o)
                              /home/autobuild/tools/win32/mingw32/lib/libSDLn.a(SDL_events.o) (SDL_AppActiveInit)
/home/autobuild/tools/win32/mingw32/lib/libSDLn.a(SDL_resize.o)
                              /home/autobuild/tools/win32/mingw32/lib/libSDLn.a(SDL_video.o) (SDL_PrivateResize)
/home/autobuild/tools/win32/mingw32/lib/libSDLn.a(SDL_RLEaccel.o)
                              /home/autobuild/tools/win32/mingw32/lib/libSDLn.a(SDL_pixels.o) (SDL_UnRLESurface)
/home/autobuild/tools/win32/mingw32/lib/libSDLn.a(SDL_blit.o)
                              /home/autobuild/tools/win32/mingw32/lib/libSDLn.a(SDL_pixels.o) (SDL_CalculateBlit)
/home/autobuild/tools/win32/mingw32/lib/libSDLn.a(SDL_blit_0.o)
                              /home/autobuild/tools/win32/mingw32/lib/libSDLn.a(SDL_blit.o) (SDL_CalculateBlit0)
/home/autobuild/tools/win32/mingw32/lib/libSDLn.a(SDL_blit_1.o)
                              /home/autobuild/tools/win32/mingw32/lib/libSDLn.a(SDL_blit.o) (SDL_CalculateBlit1)
/home/autobuild/tools/win32/mingw32/lib/libSDLn.a(SDL_blit_N.o)
                              /home/autobuild/tools/win32/mingw32/lib/libSDLn.a(SDL_blit.o) (SDL_CalculateBlitN)
/home/autobuild/tools/win32/mingw32/lib/libSDLn.a(SDL_menuetevents.o)
                              /home/autobuild/tools/win32/mingw32/lib/libSDLn.a(SDL_menuetvideo.o) (MenuetOS_InitOSKeymap)
/home/autobuild/tools/win32/mingw32/lib/libSDLn.a(os.o)
                              /home/autobuild/tools/win32/mingw32/lib/libSDLn.a(SDL_menuetevents.o) (__menuet__getkey)
[...]
Memory Configuration

Name             Origin             Length             Attributes
*default*        0x0000000000000000 0xffffffffffffffff

Linker script and memory map

                0x0000000000000000                __image_base__ = 0x0
                0x0000000000000000                __dll__ = 0x0
                0x0000000000000000                ___ImageBase = 0x0
                0x0000000000001000                __section_alignment__ = 0x1000
                0x0000000000000200                __file_alignment__ = 0x200
                0x0000000000000004                __major_os_version__ = 0x4
                0x0000000000000000                __minor_os_version__ = 0x0
                0x0000000000000001                __major_image_version__ = 0x1
                0x0000000000000000                __minor_image_version__ = 0x0
                0x0000000000000004                __major_subsystem_version__ = 0x4
                0x0000000000000000                __minor_subsystem_version__ = 0x0
                0x0000000000000003                __subsystem__ = 0x3
                0x0000000000200000                __size_of_stack_reserve__ = 0x200000
                0x0000000000001000                __size_of_stack_commit__ = 0x1000
                0x0000000000100000                __size_of_heap_reserve__ = 0x100000
                0x0000000000001000                __size_of_heap_commit__ = 0x1000
                0x0000000000000000                __loader_flags__ = 0x0
                0x0000000000000000                __dll_characteristics__ = 0x0
LOAD tpmain.o
LOAD ../std_modules/modules.o

.text           0x0000000000000000    0x3e600
                0x0000000000000000        0x4 LONG 0x554e454d
                0x0000000000000004        0x4 LONG 0x32305445
                0x0000000000000008        0x4 LONG 0x1
                0x000000000000000c        0x4 LONG 0x34 __start
                0x0000000000000010        0x4 LONG 0x5e25b ___iend
                0x0000000000000014        0x4 LONG 0x71ad0 ___memsize
                0x0000000000000018        0x4 LONG 0x71ad0 ___stacktop
                0x000000000000001c        0x4 LONG 0x715c0 ___cmdline
                0x0000000000000020        0x4 LONG 0x716c0 ___pgmname
                0x0000000000000024        0x4 LONG 0x3 __subsystem__
                0x0000000000000028        0x4 LONG 0x63ad0 __idata_start
                0x000000000000002c        0x4 LONG 0x64044 __idata_end
                0x0000000000000030        0x4 LONG 0x3e450 _main
 *(.init)
 .init          0x0000000000000034       0x84 /home/max/projects/kolibri-svn/contrib/sdk/lib/libgcc.a(_start.o)
                0x0000000000000034                _start
 *(.text)
 *fill*         0x00000000000000b8        0x8 
 .text          0x00000000000000c0    0x10000 tpmain.o
                0x00000000000000c0                _tp_list_realloc
                0x0000000000000100                _tp_list_free
                0x0000000000000120                _tp_list_insertx
                0x0000000000000240                _tp_list_appendx
                0x0000000000000280                _tp_list_new
                0x00000000000002a0                tp_list_nt
                0x00000000000002f0                tp_lua_hash
                0x0000000000000340                _tp_dict_free
                0x0000000000000360                _tp_dict_new
                0x0000000000000380                _tp_dcall
                0x00000000000003a0                tp_params
                0x0000000000000400                tp_string_t
                0x0000000000000440                tp_string_sub
                0x0000000000000490                _tp_str_index
                0x0000000000000500                _roundf
                0x0000000000000570                tp_grey
                0x0000000000000610                _tp_list_insert
                0x0000000000000680                tp_params_n
                0x0000000000000ad0                tp_params_v
                0x0000000000000c60                _tp_list_append
                0x0000000000000cf0                _tp_tcall
                0x0000000000000d90                tp_reset
                0x0000000000000de0                tp_gc_init
                0x0000000000000e50                tp_gc_deinit
                0x0000000000000eb0                tp_bool
                0x0000000000000f20                _tp_raise
                0x0000000000001050                _tp_list_set
                0x00000000000010b0                _tp_list_get
                0x00000000000010f0                _tp_list_pop
                0x0000000000001180                tp_hash
                0x00000000000014d0                _tp_dict_hash_set
                0x00000000000015a0                _tp_dict_tp_realloc
                0x0000000000001690                _tp_dict_next
                0x00000000000016d0                tp_follow
                0x00000000000018a0                _tp_gcinc
                0x0000000000001960                tp_delete
                0x0000000000001a30                tp_collect
                0x0000000000001b00                tp_full
                0x0000000000001b70                tp_gcinc
                0x0000000000001bf0                tp_track
                0x0000000000001c50                _tp_list_copy
                0x0000000000001d60                tp_list
                0x0000000000001e10                tp_list_n
                0x0000000000002000                _tp_dict_copy
                0x0000000000002140                tp_dict
                0x0000000000002210                tp_object
                0x0000000000002240                tp_fnc_new
                0x0000000000002300                tp_data
                0x0000000000002380                tp_string_copy
                0x0000000000002410                tp_printf
                0x00000000000024e0                tp_str
                0x00000000000026e0                tp_print
                0x0000000000002830                tp_fnc
                0x0000000000002940                tp_method
                0x0000000000002a60                tp_def
                0x0000000000002b90                tp_deinit
                0x0000000000003000                tp_mul
                0x0000000000003210                tp_len
                0x00000000000032b0                tp_cmp
                0x00000000000034f0                _tp_list_find
                0x0000000000003580                _tp_sort_cmp
                0x00000000000035e0                _tp_dict_hash_find
                0x00000000000036b0                _tp_dict_find
                0x00000000000037d0                _tp_dict_setx
                0x00000000000039d0                _tp_dict_set
                0x0000000000003a70                _tp_lookup_
                0x0000000000003d60                _tp_lookup
                0x0000000000003dc0                tp_has
                0x0000000000003fe0                tp_bitwise_and
                0x00000000000040b0                tp_bitwise_or
                0x0000000000004180                tp_bitwise_xor
                0x0000000000004250                tp_mod
                0x0000000000004320                tp_lsh
                0x00000000000043f0                tp_rsh
                0x00000000000044c0                tp_sub
                0x0000000000004550                tp_div
                0x00000000000045e0                tp_pow
                0x0000000000004680                tp_bitwise_not
                0x0000000000004730                tp_frame
                0x00000000000049a0                tp_print_stack
                0x0000000000004c30                tp_handle
                0x0000000000004ca0                tp_return
                0x0000000000004d30                tp_run
                0x0000000000004d90                tp_call
                0x0000000000005290                tp_get
                0x0000000000006120                tp_index
                0x00000000000062f0                tp_append
                0x0000000000006480                tp_pop
                0x0000000000006520                tp_insert
                0x0000000000006720                tp_extend
                0x00000000000068e0                tp_sort
                0x00000000000069a0                tp_merge
                0x0000000000006bd0                tp_join
                0x0000000000006e40                tp_split
                0x00000000000071a0                tp_find
                0x0000000000007300                tp_str_index
                0x00000000000074a0                tp_str2
                0x0000000000007550                tp_chr
                0x0000000000007620                tp_ord
                0x0000000000007730                tp_strip
                0x00000000000078d0                tp_replace
                0x0000000000007bf0                tp_bind
                0x0000000000007e10                tp_min
                0x0000000000007f50                tp_max
                0x00000000000080a0                tp_copy
                0x00000000000082f0                tp_add
                0x0000000000008520                _tp_dict_get
                0x0000000000008730                _tp_dict_del
                0x0000000000008930                tp_del
                0x0000000000008980                tp_len_
                0x0000000000008a30                tp_assert
                0x0000000000008b50                tp_range
                0x0000000000008f40                tp_system
                0x0000000000009080                tp_istype
                0x0000000000009580                tp_float
                0x00000000000097c0                tp_abs
                0x0000000000009820                tp_int
                0x0000000000009890                tp_round
                0x0000000000009930                tp_save
                0x0000000000009b50                tp_load
                0x0000000000009d70                tp_fpack
                0x0000000000009e70                tp_exists
                0x0000000000009fe0                tp_mtime
                0x000000000000a190                tp_setmeta
                0x000000000000a2d0                tp_getmeta
                0x000000000000a380                tp_object_call
                0x000000000000a470                tp_getraw
                0x000000000000a520                tp_class
                0x000000000000a5c0                tp_builtins_bool
                0x000000000000a6f0                tp_iter
                0x000000000000a800                tp_iget
                0x000000000000a920                tp_object_new
                0x000000000000aaf0                tp_set
                0x000000000000af20                tp_dict_n
                0x000000000000afd0                tp_step
                0x000000000000cc70                _tp_run
                0x000000000000cd40                tp_exec_
                0x000000000000d270                _tp_init
                0x000000000000e060                tp_ez_call
                0x000000000000e170                _tp_import
                0x000000000000e540                tp_import_
                0x000000000000e770                tp_import
                0x000000000000e8b0                tp_builtins
                0x000000000000ee00                tp_args
                0x000000000000efa0                tp_main
                0x000000000000f0e0                tp_compile
                0x000000000000f190                tp_exec
                0x000000000000f290                tp_eval
                0x000000000000f450                tp_init
                0x000000000000f840                tp_compiler
                0x000000000000fc10                tp_sandbox
                0x000000000000fc30                tp_mem_update
                0x000000000000fcb0                tp_time_update
                0x000000000000fd70                tp_sandbox_
                0x0000000000010040                tp_bounds
 .text          0x00000000000100c0    0x149d0 ../std_modules/modules.o
                0x0000000000010880                random_shuffle
                0x00000000000117f0                pygame_display_flip
                0x0000000000011830                pygame_event_get
                0x0000000000012020                pygame_mouse_get_pos
                0x00000000000120c0                pygame_time_get_ticks
                0x0000000000012110                _pygame_init
                0x0000000000012150                pygame_surf_free
                0x00000000000124a0                random_expovariate
                0x0000000000014570                random_normalvariate
                0x0000000000015d80                random_randint
                0x0000000000015fc0                random_lognormvariate
                0x0000000000016230                random_betavariate
                0x00000000000189f0                random_paretovariate
                0x0000000000018b50                random_weibullvariate
                0x0000000000018d70                random_choice
                0x0000000000018fe0                random_gammavariate
                0x0000000000019660                random_randrange
                0x0000000000019a90                random_uniform
                0x0000000000019d40                random_vonmisesvariate
                0x000000000001a1b0                math_init
                0x000000000001b470                random_init
                0x000000000001c1a0                re_err_occurred
                0x000000000001c1b0                _Py_re_compile_initialize
                0x000000000001c510                _Py_re_set_syntax
                0x000000000001c530                _Py_re_compile_fastmap
                0x000000000001c5c0                _Py_re_compile_pattern
                0x000000000001e5a0                _Py_re_match
                0x000000000001fef0                _Py_re_search
                0x0000000000021b70                re_init
                0x00000000000223c0                debug_write_byte
                0x00000000000223e0                ksys_init
                0x0000000000022b20                pygame_list_to_color
                0x0000000000022cd0                pygame_surface_set_at
                0x00000000000231b0                pygame_obj_to_surf
                0x0000000000023280                pygame_surf_to_obj
                0x00000000000233e0                pygame_display_set_mode
                0x0000000000023610                pygame_list_to_rect
                0x0000000000023840                pygame_display_update
                0x00000000000239b0                pygame_init
                0x0000000000024a50                init_std_modules
 .text          0x0000000000024a90      0x178 /home/autobuild/tools/win32/mingw32/lib/libSDLn.a(SDL.o)
                0x0000000000024a90                SDL_InitSubSystem
                0x0000000000024b57                SDL_Init
                0x0000000000024b8c                SDL_QuitSubSystem
                0x0000000000024bd8                SDL_WasInit
                0x0000000000024beb                SDL_Quit
                0x0000000000024bff                SDL_Linked_Version
 .text          0x0000000000024c08      0x4b0 /home/autobuild/tools/win32/mingw32/lib/libSDLn.a(SDL_error.o)
                0x0000000000024c08                SDL_printf
                0x0000000000024c52                SDL_GetErrorMsgUNICODE
                0x0000000000024ed8                SDL_GetErrorMsg
                0x0000000000024f34                SDL_GetError
                0x0000000000024f4a                SDL_SetError
                0x0000000000025062                SDL_ClearError
                0x000000000002506d                SDL_Error
 .text          0x00000000000250b8       0x18 /home/autobuild/tools/win32/mingw32/lib/libSDLn.a(SDL_fatal.o)
                0x00000000000250b8                SDL_printf_error
                0x00000000000250ce                SDL_InstallParachute
                0x00000000000250cf                SDL_UninstallParachute
 .text          0x00000000000250d0      0x140 /home/autobuild/tools/win32/mingw32/lib/libSDLn.a(SDL_getenv.o)
                0x00000000000250d0                SDL_putenv
                0x00000000000251a9                SDL_getenv
 .text          0x0000000000025210      0xad0 /home/autobuild/tools/win32/mingw32/lib/libSDLn.a(SDL_kolibri_audio.o)
                0x0000000000025423                SDL_AudioInit
                0x0000000000025468                SDL_AudioQuit
                0x0000000000025469                SDL_AudioDriverName
                0x0000000000025495                SDL_OpenAudio
                0x0000000000025c13                SDL_CloseAudio
                0x0000000000025c67                SDL_PauseAudio
                0x0000000000025ca6                SDL_LockAudio
                0x0000000000025cd4                SDL_UnlockAudio
 .text          0x0000000000025ce0      0x62c /home/autobuild/tools/win32/mingw32/lib/libSDLn.a(SDL_events.o)
                0x0000000000025d6e                SDL_Lock_EventThread
                0x0000000000025da7                SDL_Unlock_EventThread
                0x0000000000025dce                SDL_EventThreadID
                0x0000000000025dd4                SDL_StopEventLoop
                0x0000000000025e36                SDL_StartEventLoop
                0x0000000000025f23                SDL_PeepEvents
                0x000000000002614b                SDL_PumpEvents
                0x0000000000026171                SDL_PollEvent
                0x000000000002618c                SDL_WaitEvent
                0x00000000000261c1                SDL_PushEvent
                0x00000000000261d7                SDL_SetEventFilter
                0x00000000000261f9                SDL_GetEventFilter
                0x00000000000261ff                SDL_EventState
                0x00000000000262b4                SDL_PrivateSysWMEvent
 .text          0x000000000002630c      0xc1c /home/autobuild/tools/win32/mingw32/lib/libSDLn.a(SDL_keyboard.o)
                0x000000000002630c                SDL_EnableUNICODE
                0x0000000000026320                SDL_GetKeyState
                0x0000000000026334                SDL_GetModState
                0x000000000002633a                SDL_SetModState
                0x0000000000026344                SDL_GetKeyName
                0x0000000000026366                SDL_PrivateKeyboard
                0x0000000000026539                SDL_ResetKeyboard
                0x0000000000026583                SDL_CheckKeyRepeat
                0x0000000000026584                SDL_EnableKeyRepeat
                0x00000000000265ce                SDL_KeyboardInit
 .text          0x0000000000026f28      0x3c4 /home/autobuild/tools/win32/mingw32/lib/libSDLn.a(SDL_mouse.o)
                0x0000000000026f6b                SDL_MouseInit
                0x0000000000026f99                SDL_GetMouseState
                0x0000000000026fc1                SDL_GetRelativeMouseState
                0x0000000000026ffb                SDL_PrivateMouseMotion
                0x000000000002717d                SDL_PrivateMouseButton
 .text          0x00000000000272ec       0x48 /home/autobuild/tools/win32/mingw32/lib/libSDLn.a(SDL_quit.o)
                0x00000000000272ec                SDL_QuitInit
                0x00000000000272ef                SDL_PrivateQuit
 .text          0x0000000000027334       0x78 /home/autobuild/tools/win32/mingw32/lib/libSDLn.a(SDL_sysmutex.o)
                0x0000000000027334                SDL_CreateMutex
                0x000000000002737c                SDL_DestroyMutex
                0x00000000000273a6                SDL_mutexP
                0x00000000000273a9                SDL_mutexV
 .text          0x00000000000273ac       0x64 /home/autobuild/tools/win32/mingw32/lib/libSDLn.a(SDL_syssem.o)
                0x00000000000273ac                SDL_CreateSemaphore
                0x00000000000273be                SDL_DestroySemaphore
                0x00000000000273bf                SDL_SemTryWait
                0x00000000000273d2                SDL_SemWaitTimeout
                0x00000000000273e5                SDL_SemWait
                0x00000000000273f8                SDL_SemValue
                0x00000000000273fb                SDL_SemPost
 .text          0x0000000000027410       0x1c /home/autobuild/tools/win32/mingw32/lib/libSDLn.a(SDL_systhread.o)
                0x0000000000027410                SDL_SYS_CreateThread
                0x0000000000027423                SDL_SYS_SetupThread
                0x0000000000027424                SDL_ThreadID
                0x0000000000027427                SDL_SYS_WaitThread
                0x0000000000027428                SDL_SYS_KillThread
 .text          0x000000000002742c      0x338 /home/autobuild/tools/win32/mingw32/lib/libSDLn.a(SDL_thread.o)
                0x0000000000027489                SDL_ThreadsInit
                0x00000000000274b2                SDL_ThreadsQuit
                0x00000000000274d1                SDL_GetErrBuf
                0x0000000000027533                SDL_RunThread
                0x0000000000027572                SDL_CreateThread
                0x00000000000276f6                SDL_WaitThread
                0x0000000000027731                SDL_GetThreadID
                0x0000000000027741                SDL_KillThread
 .text          0x0000000000027764      0x390 /home/autobuild/tools/win32/mingw32/lib/libSDLn.a(SDL_timer.o)
                0x000000000002776a                SDL_SetTimerThreaded
                0x0000000000027792                SDL_ThreadedTimerCheck
                0x000000000002787f                SDL_AddTimer
                0x0000000000027936                SDL_RemoveTimer
                0x00000000000279a2                SDL_SetTimer
                0x0000000000027a5c                SDL_TimerInit
                0x0000000000027aab                SDL_TimerQuit
 .text          0x0000000000027af4       0x44 /home/autobuild/tools/win32/mingw32/lib/libSDLn.a(SDL_systimer.o)
                0x0000000000027af4                SDL_StartTicks
                0x0000000000027b08                SDL_GetTicks
                0x0000000000027b20                SDL_Delay
                0x0000000000027b2e                SDL_SYS_TimerInit
                0x0000000000027b31                SDL_SYS_TimerQuit
                0x0000000000027b32                SDL_SYS_StartTimer
                0x0000000000027b35                SDL_SYS_StopTimer
 .text          0x0000000000027b38      0xe70 /home/autobuild/tools/win32/mingw32/lib/libSDLn.a(SDL_cursor.o)
                0x0000000000027b38                SDL_GetCursor
                0x0000000000027b3e                SDL_WarpMouse
                0x0000000000027ba2                SDL_CursorPaletteChanged
                0x0000000000027bad                SDL_MouseRect
                0x0000000000027c38                SDL_DrawCursorNoLock
                0x000000000002825f                SDL_DrawCursor
                0x00000000000282db                SDL_EraseCursorNoLock
                0x0000000000028411                SDL_EraseCursor
                0x000000000002848d                SDL_SetCursor
                0x00000000000285dc                SDL_FreeCursor
                0x0000000000028650                SDL_CursorQuit
                0x00000000000286ba                SDL_CreateCursor
                0x0000000000028817                SDL_CursorInit
                0x0000000000028866                SDL_ShowCursor
                0x00000000000288e6                SDL_MoveCursor
                0x0000000000028979                SDL_ResetCursor
 .text          0x00000000000289a8      0xb70 /home/autobuild/tools/win32/mingw32/lib/libSDLn.a(SDL_pixels.o)
                0x00000000000289a8                SDL_FreeFormat
                0x00000000000289e0                SDL_AllocFormat
                0x0000000000028c8a                SDL_DitherColors
                0x0000000000028cf5                SDL_CalculatePitch
                0x0000000000028d29                SDL_FindColor
                0x0000000000028e7e                SDL_MapRGB
                0x0000000000028edb                SDL_MapRGBA
                0x0000000000028f4e                SDL_GetRGBA
                0x000000000002903b                SDL_GetRGB
                0x00000000000290f1                SDL_ApplyGamma
                0x0000000000029144                SDL_InvalidateMap
                0x0000000000029176                SDL_FormatChanged
                0x0000000000029186                SDL_ReallocFormat
                0x00000000000291c1                SDL_MapSurface
                0x0000000000029483                SDL_FreeBlitMap
                0x00000000000294b4                SDL_AllocBlitMap
 .text          0x0000000000029518      0xbe4 /home/autobuild/tools/win32/mingw32/lib/libSDLn.a(SDL_surface.o)
                0x0000000000029595                SDL_SetColorKey
                0x0000000000029661                SDL_SetAlpha
                0x0000000000029771                SDL_SetClipRect
                0x00000000000297c7                SDL_GetClipRect
                0x00000000000297e3                SDL_LowerBlit
                0x000000000002984b                SDL_UpperBlit
                0x00000000000299dd                SDL_LockSurface
                0x0000000000029a2e                SDL_UnlockSurface
                0x0000000000029a74                SDL_FillRect
                0x0000000000029c7c                SDL_FreeSurface
                0x0000000000029d27                SDL_CreateRGBSurface
                0x0000000000029ec3                SDL_CreateRGBSurfaceFrom
                0x0000000000029f1a                SDL_ConvertSurface
 .text          0x000000000002a0fc     0x1720 /home/autobuild/tools/win32/mingw32/lib/libSDLn.a(SDL_video.o)
                0x000000000002a132                SDL_VideoDriverName
                0x000000000002a167                SDL_GetVideoSurface
                0x000000000002a17a                SDL_GetVideoInfo
                0x000000000002a18a                SDL_ListModes
                0x000000000002a1b7                SDL_VideoModeOK
                0x000000000002a27d                SDL_DisplayFormat
                0x000000000002a2c8                SDL_DisplayFormatAlpha
                0x000000000002a38f                SDL_UpdateRects
                0x000000000002a549                SDL_UpdateRect
                0x000000000002a724                SDL_Flip
                0x000000000002a7f0                SDL_SetPalette
                0x000000000002a944                SDL_SetColors
                0x000000000002a95f                SDL_GL_LoadLibrary
                0x000000000002a98c                SDL_GL_GetProcAddress
                0x000000000002a9c4                SDL_GL_SetAttribute
                0x000000000002aa50                SDL_GL_GetAttribute
                0x000000000002aa85                SDL_GL_SwapBuffers
                0x000000000002aa9f                SDL_GL_UpdateRectsLock
                0x000000000002aaa0                SDL_GL_UpdateRects
                0x000000000002aaa1                SDL_GL_Lock
                0x000000000002aaa2                SDL_GL_Unlock
                0x000000000002aaa3                SDL_WM_SetCaption
                0x000000000002ab61                SDL_WM_GetCaption
                0x000000000002ab8d                SDL_WM_SetIcon
                0x000000000002ad91                SDL_WM_GrabInput
                0x000000000002add5                SDL_SetVideoMode
                0x000000000002b3cb                SDL_VideoQuit
                0x000000000002b505                SDL_VideoInit
                0x000000000002b742                SDL_WM_IconifyWindow
                0x000000000002b75e                SDL_WM_ToggleFullScreen
                0x000000000002b7f9                SDL_GetWMInfo
 .text          0x000000000002b81c      0x658 /home/autobuild/tools/win32/mingw32/lib/libSDLn.a(SDL_menuetvideo.o)
                0x000000000002b825                MenuetOS_SetColors
                0x000000000002b828                MenuetOS_SetCaption
                0x000000000002b8ab                KolibriOS_FreeWMCursor
                0x000000000002b8d4                KolibriOS_ShowWMCursor
                0x000000000002badb                MenuetOS_VideoQuit
                0x000000000002bb6d                KolibriOS_CheckMouseMode
                0x000000000002bb7d                KolibriOS_CreateWMCursor
                0x000000000002bc75                get_skinh
                0x000000000002bc84                kol_define_window
                0x000000000002bcb9                MenuetOS_SDL_RepaintWnd
                0x000000000002bd43                MenuetOS_SetVideoMode
                0x000000000002be71                MenuetOS_FinalQuit
 .text          0x000000000002be74       0xb0 /home/autobuild/tools/win32/mingw32/lib/libSDLn.a(SDL_active.o)
                0x000000000002be74                SDL_AppActiveInit
                0x000000000002be7e                SDL_GetAppState
                0x000000000002be84                SDL_PrivateAppActive
 .text          0x000000000002bf24       0xb8 /home/autobuild/tools/win32/mingw32/lib/libSDLn.a(SDL_resize.o)
                0x000000000002bf24                SDL_PrivateResize
 .text          0x000000000002bfdc     0x37c0 /home/autobuild/tools/win32/mingw32/lib/libSDLn.a(SDL_RLEaccel.o)
                0x000000000002c482                SDL_RLEBlit
                0x000000000002e469                SDL_RLEAlphaBlit
                0x000000000002edac                SDL_UnRLESurface
                0x000000000002ef81                SDL_RLESurface
 .text          0x000000000002f79c      0x4a8 /home/autobuild/tools/win32/mingw32/lib/libSDLn.a(SDL_blit.o)
                0x000000000002fa7f                SDL_CalculateBlit
 .text          0x000000000002fc44      0xb88 /home/autobuild/tools/win32/mingw32/lib/libSDLn.a(SDL_blit_0.o)
                0x0000000000030773                SDL_CalculateBlit0
 .text          0x00000000000307cc     0x2078 /home/autobuild/tools/win32/mingw32/lib/libSDLn.a(SDL_blit_1.o)
                0x00000000000327e9                SDL_CalculateBlit1
 .text          0x0000000000032844     0x47b8 /home/autobuild/tools/win32/mingw32/lib/libSDLn.a(SDL_blit_N.o)
                0x0000000000036e7e                SDL_CalculateBlitN
 .text          0x0000000000036ffc      0x298 /home/autobuild/tools/win32/mingw32/lib/libSDLn.a(SDL_menuetevents.o)
                0x0000000000036ffc                MenuetOS_InitOSKeymap
                0x0000000000037010                MenuetOS_PumpEvents
 .text          0x0000000000037294       0x8c /home/autobuild/tools/win32/mingw32/lib/libSDLn.a(os.o)
                0x0000000000037294                __menuet__define_window
                0x00000000000372c9                __menuet__window_redraw
                0x00000000000372d7                __menuet__putimage
                0x0000000000037303                __menuet__getkey
                0x0000000000037316                __menuet__check_for_event
 .text          0x0000000000037320       0x2c /home/autobuild/tools/win32/mingw32/lib/libSDLn.a(mmx_main.o)
                0x0000000000037320                ConvertMMX
                0x000000000003733b                mmxreturn
 .text          0x000000000003734c      0x2dc /home/autobuild/tools/win32/mingw32/lib/libSDLn.a(mmxp2_32.o)
                0x000000000003734c                ConvertMMXpII32_24RGB888
                0x00000000000373d1                ConvertMMXpII32_16RGB565
                0x0000000000037474                ConvertMMXpII32_16BGR565
                0x000000000003751d                ConvertMMXpII32_16BGR555
                0x0000000000037526                ConvertMMXpII32_16RGB555
 .text          0x0000000000037628       0x64 /home/autobuild/tools/win32/mingw32/lib/libSDLn.a(x86_main.o)
                0x0000000000037628                ConvertX86
                0x0000000000037643                x86return
                0x0000000000037651                Hermes_X86_CPU
 .text          0x000000000003768c      0x380 /home/autobuild/tools/win32/mingw32/lib/libSDLn.a(x86p_16.o)
                0x000000000003768c                ConvertX86p16_16BGR565
                0x000000000003775d                ConvertX86p16_16RGB555
                0x0000000000037821                ConvertX86p16_16BGR555
                0x000000000003790c                ConvertX86p16_8RGB332
 .text          0x0000000000037a0c      0x670 /home/autobuild/tools/win32/mingw32/lib/libSDLn.a(x86p_32.o)
                0x0000000000037a0c                ConvertX86p32_32BGR888
                0x0000000000037a80                ConvertX86p32_32RGBA888
                0x0000000000037ae8                ConvertX86p32_32BGRA888
                0x0000000000037b4a                ConvertX86p32_24RGB888
                0x0000000000037bed                ConvertX86p32_24BGR888
                0x0000000000037c8d                ConvertX86p32_16RGB565
                0x0000000000037d58                ConvertX86p32_16BGR565
                0x0000000000037e2b                ConvertX86p32_16RGB555
                0x0000000000037ef6                ConvertX86p32_16BGR555
                0x0000000000037fc9                ConvertX86p32_8RGB332
 .text          0x000000000003807c     0x4430 /home/autobuild/tools/win32/mingw32/lib/libSDLn.a(SDL_blit_A.o)
                0x000000000003c2f6                SDL_CalculateAlphaBlit
 .text          0x000000000003c4ac       0x44 /home/max/projects/kolibri-svn/contrib/sdk/lib/libgcc.a(_chkstk_ms.o)
                0x000000000003c4ac                __chkstk_ms
 .text          0x000000000003c4f0        0x0 /home/max/projects/kolibri-svn/contrib/sdk/lib/libgcc.a(_start.o)
 .text          0x000000000003c4f0       0xe0 /home/max/projects/kolibri-svn/contrib/sdk/lib/libgcc.a(__main.o)
                0x000000000003c4f0                __do_global_dtors
                0x000000000003c540                __do_global_ctors
                0x000000000003c5b0                __main
 .text          0x000000000003c5d0        0x0 /home/max/projects/kolibri-svn/contrib/sdk/lib/libgcc.a(_ctors.o)
 .text          0x000000000003c5d0       0x30 /home/max/projects/kolibri-svn/contrib/sdk/lib/libgcc.a(kos32-app.o)
                0x000000000003c5d0                __crt_startup
 .text          0x000000000003c600      0x240 /home/max/projects/kolibri-svn/contrib/sdk/lib/libgcc.a(libc-loader.o)
                0x000000000003c600                get_entry_point
                0x000000000003c610                load_libc
 .text          0x000000000003c840     0x13e0 /home/max/projects/kolibri-svn/contrib/sdk/lib/libgcc.a(unwind-dw2-fde.o)
                0x000000000003d810                __register_frame_info_bases
                0x000000000003d840                __register_frame_info
                0x000000000003d870                __register_frame
                0x000000000003d8b0                __register_frame_info_table_bases
                0x000000000003d930                __register_frame_info_table
                0x000000000003d960                __register_frame_table
                0x000000000003d9a0                __deregister_frame_info_bases
                0x000000000003da90                __deregister_frame_info
                0x000000000003daa0                __deregister_frame
                0x000000000003dad0                _Unwind_Find_FDE
 .text          0x000000000003dc20      0x350 /home/max/projects/kolibri-svn/contrib/sdk/lib/libgcc.a(gthr-kos32.o)
                0x000000000003dc20                __gthr_kos32_once
                0x000000000003dc90                __gthr_kos32_key_create
                0x000000000003dcc0                __gthr_kos32_key_delete
                0x000000000003dcd0                __gthr_kos32_getspecific
                0x000000000003dcf0                __gthr_kos32_setspecific
                0x000000000003dd10                __gthr_kos32_mutex_init_function
                0x000000000003dd30                __gthr_kos32_mutex_destroy
                0x000000000003dd50                __gthr_kos32_mutex_lock
                0x000000000003dd90                __gthr_kos32_mutex_trylock
                0x000000000003ddc0                __gthr_kos32_mutex_unlock
                0x000000000003ddf0                __gthr_kos32_recursive_mutex_init_function
                0x000000000003de20                __gthr_kos32_recursive_mutex_lock
                0x000000000003dea0                __gthr_kos32_recursive_mutex_trylock
                0x000000000003df00                __gthr_kos32_recursive_mutex_unlock
                0x000000000003df50                __gthr_kos32_recursive_mutex_destroy
 .text          0x000000000003df70        0x8 /home/autobuild/tools/win32/mingw32/lib/libc.dll.a(d000816.o)
                0x000000000003df70                vsprintf
 .text          0x000000000003df78        0x8 /home/autobuild/tools/win32/mingw32/lib/libc.dll.a(d000815.o)
                0x000000000003df78                vsnprintf
 .text          0x000000000003df80        0x8 /home/autobuild/tools/win32/mingw32/lib/libc.dll.a(d000810.o)
                0x000000000003df80                vprintf
 .text          0x000000000003df88        0x8 /home/autobuild/tools/win32/mingw32/lib/libc.dll.a(d000776.o)
                0x000000000003df88                tls_free
 .text          0x000000000003df90        0x8 /home/autobuild/tools/win32/mingw32/lib/libc.dll.a(d000775.o)
                0x000000000003df90                tls_alloc
 .text          0x000000000003df98        0x8 /home/autobuild/tools/win32/mingw32/lib/libc.dll.a(d000773.o)
                0x000000000003df98                time
 .text          0x000000000003dfa0        0x8 /home/autobuild/tools/win32/mingw32/lib/libc.dll.a(d000768.o)
                0x000000000003dfa0                tanh
 .text          0x000000000003dfa8        0x8 /home/autobuild/tools/win32/mingw32/lib/libc.dll.a(d000766.o)
                0x000000000003dfa8                tan
 .text          0x000000000003dfb0        0x8 /home/autobuild/tools/win32/mingw32/lib/libc.dll.a(d000765.o)
                0x000000000003dfb0                system
 .text          0x000000000003dfb8        0x8 /home/autobuild/tools/win32/mingw32/lib/libc.dll.a(d000755.o)
                0x000000000003dfb8                strtol
 .text          0x000000000003dfc0        0x8 /home/autobuild/tools/win32/mingw32/lib/libc.dll.a(d000743.o)
                0x000000000003dfc0                strncpy
 .text          0x000000000003dfc8        0x8 /home/autobuild/tools/win32/mingw32/lib/libc.dll.a(d000742.o)
                0x000000000003dfc8                strncmp
 .text          0x000000000003dfd0        0x8 /home/autobuild/tools/win32/mingw32/lib/libc.dll.a(d000738.o)
                0x000000000003dfd0                strlen
 .text          0x000000000003dfd8        0x8 /home/autobuild/tools/win32/mingw32/lib/libc.dll.a(d000730.o)
                0x000000000003dfd8                strcpy
 .text          0x000000000003dfe0        0x8 /home/autobuild/tools/win32/mingw32/lib/libc.dll.a(d000726.o)
                0x000000000003dfe0                strchr
 .text          0x000000000003dfe8        0x8 /home/autobuild/tools/win32/mingw32/lib/libc.dll.a(d000720.o)
                0x000000000003dfe8                stat
 .text          0x000000000003dff0        0x8 /home/autobuild/tools/win32/mingw32/lib/libc.dll.a(d000714.o)
                0x000000000003dff0                sqrt
 .text          0x000000000003dff8        0x8 /home/autobuild/tools/win32/mingw32/lib/libc.dll.a(d000713.o)
                0x000000000003dff8                sprintf
 .text          0x000000000003e000        0x8 /home/autobuild/tools/win32/mingw32/lib/libc.dll.a(d000707.o)
                0x000000000003e000                sinh
 .text          0x000000000003e008        0x8 /home/autobuild/tools/win32/mingw32/lib/libc.dll.a(d000703.o)
                0x000000000003e008                sin
 .text          0x000000000003e010        0x8 /home/autobuild/tools/win32/mingw32/lib/libc.dll.a(d000696.o)
                0x000000000003e010                setjmp
 .text          0x000000000003e018        0x8 /home/autobuild/tools/win32/mingw32/lib/libc.dll.a(d000670.o)
                0x000000000003e018                realloc
 .text          0x000000000003e020        0x8 /home/autobuild/tools/win32/mingw32/lib/libc.dll.a(d000662.o)
                0x000000000003e020                qsort
 .text          0x000000000003e028        0x8 /home/autobuild/tools/win32/mingw32/lib/libc.dll.a(d000651.o)
                0x000000000003e028                printf
 .text          0x000000000003e030        0x8 /home/autobuild/tools/win32/mingw32/lib/libc.dll.a(d000647.o)
                0x000000000003e030                pow
 .text          0x000000000003e038        0x8 /home/autobuild/tools/win32/mingw32/lib/libc.dll.a(d000634.o)
                0x000000000003e038                modf
 .text          0x000000000003e040        0x8 /home/autobuild/tools/win32/mingw32/lib/libc.dll.a(d000626.o)
                0x000000000003e040                memset
 .text          0x000000000003e048        0x8 /home/autobuild/tools/win32/mingw32/lib/libc.dll.a(d000623.o)
                0x000000000003e048                memmove
 .text          0x000000000003e050        0x8 /home/autobuild/tools/win32/mingw32/lib/libc.dll.a(d000621.o)
                0x000000000003e050                memcpy
 .text          0x000000000003e058        0x8 /home/autobuild/tools/win32/mingw32/lib/libc.dll.a(d000620.o)
                0x000000000003e058                memcmp
 .text          0x000000000003e060        0x8 /home/autobuild/tools/win32/mingw32/lib/libc.dll.a(d000607.o)
                0x000000000003e060                malloc
 .text          0x000000000003e068        0x8 /home/autobuild/tools/win32/mingw32/lib/libc.dll.a(d000599.o)
                0x000000000003e068                longjmp
 .text          0x000000000003e070        0x8 /home/autobuild/tools/win32/mingw32/lib/libc.dll.a(d000590.o)
                0x000000000003e070                log10
 .text          0x000000000003e078        0x8 /home/autobuild/tools/win32/mingw32/lib/libc.dll.a(d000589.o)
                0x000000000003e078                log
 .text          0x000000000003e080        0x8 /home/autobuild/tools/win32/mingw32/lib/libc.dll.a(d000568.o)
                0x000000000003e080                ldexp
 .text          0x000000000003e088        0x8 /home/autobuild/tools/win32/mingw32/lib/libc.dll.a(d000515.o)
                0x000000000003e088                hypot
 .text          0x000000000003e090        0x8 /home/autobuild/tools/win32/mingw32/lib/libc.dll.a(d000489.o)
                0x000000000003e090                fwrite
 .text          0x000000000003e098        0x8 /home/autobuild/tools/win32/mingw32/lib/libc.dll.a(d000477.o)
                0x000000000003e098                frexp
 .text          0x000000000003e0a0        0x8 /home/autobuild/tools/win32/mingw32/lib/libc.dll.a(d000475.o)
                0x000000000003e0a0                free
 .text          0x000000000003e0a8        0x8 /home/autobuild/tools/win32/mingw32/lib/libc.dll.a(d000473.o)
                0x000000000003e0a8                fread
 .text          0x000000000003e0b0        0x8 /home/autobuild/tools/win32/mingw32/lib/libc.dll.a(d000461.o)
                0x000000000003e0b0                fopen
 .text          0x000000000003e0b8        0x8 /home/autobuild/tools/win32/mingw32/lib/libc.dll.a(d000459.o)
                0x000000000003e0b8                fmod
 .text          0x000000000003e0c0        0x8 /home/autobuild/tools/win32/mingw32/lib/libc.dll.a(d000450.o)
                0x000000000003e0c0                floor
 .text          0x000000000003e0c8        0x8 /home/autobuild/tools/win32/mingw32/lib/libc.dll.a(d000418.o)
                0x000000000003e0c8                fclose
 .text          0x000000000003e0d0        0x8 /home/autobuild/tools/win32/mingw32/lib/libc.dll.a(d000416.o)
                0x000000000003e0d0                fabs
 .text          0x000000000003e0d8        0x8 /home/autobuild/tools/win32/mingw32/lib/libc.dll.a(d000407.o)
                0x000000000003e0d8                exp
 .text          0x000000000003e0e0        0x8 /home/autobuild/tools/win32/mingw32/lib/libc.dll.a(d000406.o)
                0x000000000003e0e0                exit
 .text          0x000000000003e0e8        0x8 /home/autobuild/tools/win32/mingw32/lib/libc.dll.a(d000381.o)
                0x000000000003e0e8                cosh
 .text          0x000000000003e0f0        0x8 /home/autobuild/tools/win32/mingw32/lib/libc.dll.a(d000379.o)
                0x000000000003e0f0                cos
 .text          0x000000000003e0f8        0x8 /home/autobuild/tools/win32/mingw32/lib/libc.dll.a(d000367.o)
                0x000000000003e0f8                clock
 .text          0x000000000003e100        0x8 /home/autobuild/tools/win32/mingw32/lib/libc.dll.a(d000363.o)
                0x000000000003e100                ceil
 .text          0x000000000003e108        0x8 /home/autobuild/tools/win32/mingw32/lib/libc.dll.a(d000360.o)
                0x000000000003e108                calloc
 .text          0x000000000003e110        0x8 /home/autobuild/tools/win32/mingw32/lib/libc.dll.a(d000351.o)
                0x000000000003e110                atof
 .text          0x000000000003e118        0x8 /home/autobuild/tools/win32/mingw32/lib/libc.dll.a(d000350.o)
                0x000000000003e118                atexit
 .text          0x000000000003e120        0x8 /home/autobuild/tools/win32/mingw32/lib/libc.dll.a(d000345.o)
                0x000000000003e120                atan2
 .text          0x000000000003e128        0x8 /home/autobuild/tools/win32/mingw32/lib/libc.dll.a(d000344.o)
                0x000000000003e128                atan
 .text          0x000000000003e130        0x8 /home/autobuild/tools/win32/mingw32/lib/libc.dll.a(d000336.o)
                0x000000000003e130                asin
 .text          0x000000000003e138        0x8 /home/autobuild/tools/win32/mingw32/lib/libc.dll.a(d000330.o)
                0x000000000003e138                acos
 .text          0x000000000003e140        0x8 /home/autobuild/tools/win32/mingw32/lib/libc.dll.a(d000327.o)
                0x000000000003e140                abort
 .text          0x000000000003e148        0x8 /home/autobuild/tools/win32/mingw32/lib/libc.dll.a(d000013.o)
                0x000000000003e148                __errno
 .text          0x000000000003e150        0x8 /home/autobuild/tools/win32/mingw32/lib/libc.dll.a(d000006.o)
                0x000000000003e150                __assert_func
 *fill*         0x000000000003e158        0x8 
 .text          0x000000000003e160       0xbf /home/autobuild/tools/win32/mingw32/lib/libsound.a(init.o)
                0x000000000003e160                InitSound@4
                0x000000000003e1c4                CreateBuffer@12
                0x000000000003e1f4                DestroyBuffer@4
 *fill*         0x000000000003e21f        0x1 
 .text          0x000000000003e220       0x57 /home/autobuild/tools/win32/mingw32/lib/libsound.a(setbuf.o)
                0x000000000003e220                SetBuffer@16
                0x000000000003e24c                PlayBuffer@8
 *fill*         0x000000000003e277        0x9 
 .text          0x000000000003e280       0x64 /home/autobuild/tools/win32/mingw32/lib/libsound.a(sndgetsize.o)
                0x000000000003e280                GetBufferSize@8
                0x000000000003e2b0                GetBufferFree@8
 *fill*         0x000000000003e2e4        0xc 
 .text          0x000000000003e2f0       0x2b /home/autobuild/tools/win32/mingw32/lib/libsound.a(stopbuf.o)
                0x000000000003e2f0                StopBuffer@4
 *(SORT(.text$*))
 *(.text.*)
 *fill*         0x000000000003e31b        0x1 
 .text.unlikely
                0x000000000003e31c      0x134 tpmain.o
 .text.startup  0x000000000003e450       0x90 tpmain.o
                0x000000000003e450                main
 .text.unlikely
                0x000000000003e4e0       0x28 ../std_modules/modules.o
 .text.unlikely
                0x000000000003e508        0x0 /home/max/projects/kolibri-svn/contrib/sdk/lib/libgcc.a(__main.o)
 .text.unlikely
                0x000000000003e508        0x0 /home/max/projects/kolibri-svn/contrib/sdk/lib/libgcc.a(kos32-app.o)
 .text.unlikely
                0x000000000003e508        0x0 /home/max/projects/kolibri-svn/contrib/sdk/lib/libgcc.a(libc-loader.o)
 .text.unlikely
                0x000000000003e508        0x0 /home/max/projects/kolibri-svn/contrib/sdk/lib/libgcc.a(unwind-dw2-fde.o)
 .text.unlikely
                0x000000000003e508        0x0 /home/max/projects/kolibri-svn/contrib/sdk/lib/libgcc.a(gthr-kos32.o)
 *(.glue_7t)
 *(.glue_7)
                0x000000000003e508                ___CTOR_LIST__ = .
                0x000000000003e508                __CTOR_LIST__ = .
                0x000000000003e508        0x4 LONG 0xffffffffffffffff
 *(.ctors)
 *(.ctor)
 *(SORT(.ctors.*))
                0x000000000003e50c        0x4 LONG 0x0
                0x000000000003e510                ___DTOR_LIST__ = .
                0x000000000003e510                __DTOR_LIST__ = .
                0x000000000003e510        0x4 LONG 0xffffffffffffffff
 *(.dtors)
 *(.dtor)
 *(SORT(.dtors.*))
                0x000000000003e514        0x4 LONG 0x0
 *(.fini)
 *(.gcc_exc)
                [!provide]                        PROVIDE (etext, .)
 *(.gcc_except_table)

.rdata          0x000000000003e520     0x5810
 *(.rdata)
 .rdata         0x000000000003e520      0xb48 tpmain.o
 .rdata         0x000000000003f068     0x11a8 ../std_modules/modules.o
 .rdata         0x0000000000040210       0x68 /home/autobuild/tools/win32/mingw32/lib/libSDLn.a(SDL.o)
 .rdata         0x0000000000040278       0x94 /home/autobuild/tools/win32/mingw32/lib/libSDLn.a(SDL_error.o)
 .rdata         0x000000000004030c      0x194 /home/autobuild/tools/win32/mingw32/lib/libSDLn.a(SDL_kolibri_audio.o)
 .rdata         0x00000000000404a0       0x1c /home/autobuild/tools/win32/mingw32/lib/libSDLn.a(SDL_events.o)
 .rdata         0x00000000000404bc      0x624 /home/autobuild/tools/win32/mingw32/lib/libSDLn.a(SDL_keyboard.o)
 .rdata         0x0000000000040ae0       0x28 /home/autobuild/tools/win32/mingw32/lib/libSDLn.a(SDL_syssem.o)
 .rdata         0x0000000000040b08       0x2c /home/autobuild/tools/win32/mingw32/lib/libSDLn.a(SDL_systhread.o)
 .rdata         0x0000000000040b34       0xa0 /home/autobuild/tools/win32/mingw32/lib/libSDLn.a(SDL_timer.o)
 .rdata         0x0000000000040bd4       0x2c /home/autobuild/tools/win32/mingw32/lib/libSDLn.a(SDL_cursor.o)
 .rdata         0x0000000000040c00       0x68 /home/autobuild/tools/win32/mingw32/lib/libSDLn.a(SDL_surface.o)
 .rdata         0x0000000000040c68      0x1d8 /home/autobuild/tools/win32/mingw32/lib/libSDLn.a(SDL_video.o)
 .rdata         0x0000000000040e40       0x50 /home/autobuild/tools/win32/mingw32/lib/libSDLn.a(SDL_menuetvideo.o)
 .rdata         0x0000000000040e90       0x10 /home/autobuild/tools/win32/mingw32/lib/libSDLn.a(SDL_RLEaccel.o)
 .rdata         0x0000000000040ea0       0x20 /home/autobuild/tools/win32/mingw32/lib/libSDLn.a(SDL_blit.o)
 .rdata         0x0000000000040ec0       0x28 /home/autobuild/tools/win32/mingw32/lib/libSDLn.a(SDL_blit_0.o)
 .rdata         0x0000000000040ee8      0x140 /home/autobuild/tools/win32/mingw32/lib/libSDLn.a(SDL_blit_1.o)
 .rdata         0x0000000000041028     0x2548 /home/autobuild/tools/win32/mingw32/lib/libSDLn.a(SDL_blit_N.o)
 .rdata         0x0000000000043570      0x61c /home/autobuild/tools/win32/mingw32/lib/libSDLn.a(SDL_menuetevents.o)
 .rdata         0x0000000000043b8c       0x1c /home/autobuild/tools/win32/mingw32/lib/libSDLn.a(SDL_blit_A.o)
 .rdata         0x0000000000043ba8       0x18 /home/max/projects/kolibri-svn/contrib/sdk/lib/libgcc.a(libc-loader.o)
 .rdata         0x0000000000043bc0       0x34 /home/max/projects/kolibri-svn/contrib/sdk/lib/libgcc.a(unwind-dw2-fde.o)
 *(SORT(.rdata$*))
 .rdata$zzz     0x0000000000043bf4       0x14 tpmain.o
 .rdata$zzz     0x0000000000043c08       0x14 ../std_modules/modules.o
                0x0000000000043c1c                ___RUNTIME_PSEUDO_RELOC_LIST__ = .
                0x0000000000043c1c                __RUNTIME_PSEUDO_RELOC_LIST__ = .
 *(.rdata_runtime_pseudo_reloc)
                0x0000000000043c1c                ___RUNTIME_PSEUDO_RELOC_LIST_END__ = .
                0x0000000000043c1c                __RUNTIME_PSEUDO_RELOC_LIST_END__ = .

.CRT            0x0000000000043c20        0x0
                0x0000000000043c20                ___crt_xc_start__ = .
 *(SORT(.CRT$XC*))
                0x0000000000043c20                ___crt_xc_end__ = .
                0x0000000000043c20                ___crt_xi_start__ = .
 *(SORT(.CRT$XI*))
                0x0000000000043c20                ___crt_xi_end__ = .
                0x0000000000043c20                ___crt_xl_start__ = .
 *(SORT(.CRT$XL*))
                0x0000000000043c20                ___crt_xp_start__ = .
 *(SORT(.CRT$XP*))
                0x0000000000043c20                ___crt_xp_end__ = .
                0x0000000000043c20                ___crt_xt_start__ = .
 *(SORT(.CRT$XT*))
                0x0000000000043c20                ___crt_xt_end__ = .

.data           0x0000000000043c20    0x1a800
                [!provide]                        PROVIDE (__data_start__, .)
 *(.data)
 .data          0x0000000000043c20    0x1a540 tpmain.o
                0x0000000000043d20                tp_py2bc
                0x0000000000044f20                tp_encode
                0x0000000000052ac0                tp_parse
                0x000000000005ab20                tp_tokenize
 .data          0x000000000005e160        0x0 ../std_modules/modules.o
 .data          0x000000000005e160        0x4 /home/autobuild/tools/win32/mingw32/lib/libSDLn.a(SDL.o)
 .data          0x000000000005e164        0x0 /home/autobuild/tools/win32/mingw32/lib/libSDLn.a(SDL_error.o)
 .data          0x000000000005e164        0x0 /home/autobuild/tools/win32/mingw32/lib/libSDLn.a(SDL_fatal.o)
 .data          0x000000000005e164        0x0 /home/autobuild/tools/win32/mingw32/lib/libSDLn.a(SDL_getenv.o)
 .data          0x000000000005e164        0x0 /home/autobuild/tools/win32/mingw32/lib/libSDLn.a(SDL_kolibri_audio.o)
 .data          0x000000000005e164        0x0 /home/autobuild/tools/win32/mingw32/lib/libSDLn.a(SDL_events.o)
 .data          0x000000000005e164        0x0 /home/autobuild/tools/win32/mingw32/lib/libSDLn.a(SDL_keyboard.o)
 .data          0x000000000005e164        0x0 /home/autobuild/tools/win32/mingw32/lib/libSDLn.a(SDL_mouse.o)
 .data          0x000000000005e164        0x0 /home/autobuild/tools/win32/mingw32/lib/libSDLn.a(SDL_quit.o)
 .data          0x000000000005e164        0x0 /home/autobuild/tools/win32/mingw32/lib/libSDLn.a(SDL_sysmutex.o)
 .data          0x000000000005e164        0x0 /home/autobuild/tools/win32/mingw32/lib/libSDLn.a(SDL_syssem.o)
 .data          0x000000000005e164        0x0 /home/autobuild/tools/win32/mingw32/lib/libSDLn.a(SDL_systhread.o)
 .data          0x000000000005e164        0x0 /home/autobuild/tools/win32/mingw32/lib/libSDLn.a(SDL_thread.o)
 .data          0x000000000005e164        0x0 /home/autobuild/tools/win32/mingw32/lib/libSDLn.a(SDL_timer.o)
 .data          0x000000000005e164        0x0 /home/autobuild/tools/win32/mingw32/lib/libSDLn.a(SDL_systimer.o)
 .data          0x000000000005e164       0x44 /home/autobuild/tools/win32/mingw32/lib/libSDLn.a(SDL_cursor.o)
 .data          0x000000000005e1a8        0x0 /home/autobuild/tools/win32/mingw32/lib/libSDLn.a(SDL_pixels.o)
 .data          0x000000000005e1a8        0x0 /home/autobuild/tools/win32/mingw32/lib/libSDLn.a(SDL_surface.o)
 .data          0x000000000005e1a8       0x20 /home/autobuild/tools/win32/mingw32/lib/libSDLn.a(SDL_video.o)
 .data          0x000000000005e1c8       0x24 /home/autobuild/tools/win32/mingw32/lib/libSDLn.a(SDL_menuetvideo.o)
                0x000000000005e1c8                mosvideo_bootstrab
                0x000000000005e1d8                def_title
 .data          0x000000000005e1ec        0x0 /home/autobuild/tools/win32/mingw32/lib/libSDLn.a(SDL_active.o)
 .data          0x000000000005e1ec        0x0 /home/autobuild/tools/win32/mingw32/lib/libSDLn.a(SDL_resize.o)
 .data          0x000000000005e1ec        0x0 /home/autobuild/tools/win32/mingw32/lib/libSDLn.a(SDL_RLEaccel.o)
 .data          0x000000000005e1ec        0x0 /home/autobuild/tools/win32/mingw32/lib/libSDLn.a(SDL_blit.o)
 .data          0x000000000005e1ec        0x0 /home/autobuild/tools/win32/mingw32/lib/libSDLn.a(SDL_blit_0.o)
 .data          0x000000000005e1ec        0x0 /home/autobuild/tools/win32/mingw32/lib/libSDLn.a(SDL_blit_1.o)
 .data          0x000000000005e1ec        0x0 /home/autobuild/tools/win32/mingw32/lib/libSDLn.a(SDL_blit_N.o)
 .data          0x000000000005e1ec        0x0 /home/autobuild/tools/win32/mingw32/lib/libSDLn.a(SDL_menuetevents.o)
 .data          0x000000000005e1ec        0x0 /home/autobuild/tools/win32/mingw32/lib/libSDLn.a(os.o)
 *fill*         0x000000000005e1ec        0x4 
 .data          0x000000000005e1f0       0x40 /home/autobuild/tools/win32/mingw32/lib/libSDLn.a(mmxp2_32.o)
 .data          0x000000000005e230        0x4 /home/autobuild/tools/win32/mingw32/lib/libSDLn.a(x86_main.o)
 .data          0x000000000005e234        0x0 /home/autobuild/tools/win32/mingw32/lib/libSDLn.a(SDL_blit_A.o)
 .data          0x000000000005e234        0x0 /home/max/projects/kolibri-svn/contrib/sdk/lib/libgcc.a(_chkstk_ms.o)
 .data          0x000000000005e234        0x0 /home/max/projects/kolibri-svn/contrib/sdk/lib/libgcc.a(_start.o)
 .data          0x000000000005e234        0x4 /home/max/projects/kolibri-svn/contrib/sdk/lib/libgcc.a(__main.o)
 .data          0x000000000005e238        0x0 /home/max/projects/kolibri-svn/contrib/sdk/lib/libgcc.a(_ctors.o)
 .data          0x000000000005e238        0x0 /home/max/projects/kolibri-svn/contrib/sdk/lib/libgcc.a(kos32-app.o)
 .data          0x000000000005e238        0x0 /home/max/projects/kolibri-svn/contrib/sdk/lib/libgcc.a(libc-loader.o)
 .data          0x000000000005e238        0x8 /home/max/projects/kolibri-svn/contrib/sdk/lib/libgcc.a(unwind-dw2-fde.o)
 .data          0x000000000005e240        0x0 /home/max/projects/kolibri-svn/contrib/sdk/lib/libgcc.a(gthr-kos32.o)
 .data          0x000000000005e240       0x17 /home/autobuild/tools/win32/mingw32/lib/libsound.a(init.o)
                0x000000000005e240                hSound
                0x000000000005e240                hSound
                0x000000000005e244                hrdwSound
                0x000000000005e244                hrdwSound
 *(.data2)
 *(SORT(.data$*))
 *(.jcr)
                0x000000000005e257                __CRT_MT = .
                0x000000000005e257        0x4 LONG 0x1
                [!provide]                        PROVIDE (__data_end__, .)
 *(.data_cygwin_nocopy)
                0x000000000005e25b                ___iend = .

.eh_frame       0x000000000005e260     0x5a00
                0x000000000005e260                PROVIDE (___EH_FRAME_BEGIN__, .)
 *(.eh_frame*)
 .eh_frame      0x000000000005e260     0x30a8 tpmain.o
 .eh_frame      0x0000000000061308     0x1f9c ../std_modules/modules.o
 .eh_frame      0x00000000000632a4       0x68 /home/max/projects/kolibri-svn/contrib/sdk/lib/libgcc.a(__main.o)
 .eh_frame      0x000000000006330c       0x34 /home/max/projects/kolibri-svn/contrib/sdk/lib/libgcc.a(kos32-app.o)
 .eh_frame      0x0000000000063340       0x6c /home/max/projects/kolibri-svn/contrib/sdk/lib/libgcc.a(libc-loader.o)
 .eh_frame      0x00000000000633ac      0x4f0 /home/max/projects/kolibri-svn/contrib/sdk/lib/libgcc.a(unwind-dw2-fde.o)
 .eh_frame      0x000000000006389c      0x230 /home/max/projects/kolibri-svn/contrib/sdk/lib/libgcc.a(gthr-kos32.o)
                0x0000000000063acc                ___FRAME_END__ = .
                0x0000000000063acc        0x4 LONG 0x0

.idata          0x0000000000063ad0      0x600
                0x0000000000063ad0                __idata_start = .
 SORT(*)(.idata$2)
 .idata$2       0x0000000000063ad0       0x14 /home/autobuild/tools/win32/mingw32/lib/libc.dll.a(d000000.o)
                0x0000000000063ad0                _head_libc_dll
 SORT(*)(.idata$3)
                0x0000000000063ae4        0x4 LONG 0x0
                0x0000000000063ae8        0x4 LONG 0x0
                0x0000000000063aec        0x4 LONG 0x0
                0x0000000000063af0        0x4 LONG 0x0
                0x0000000000063af4        0x4 LONG 0x0
 SORT(*)(.idata$4)
 .idata$4       0x0000000000063af8        0x0 /home/autobuild/tools/win32/mingw32/lib/libc.dll.a(d000000.o)
 .idata$4       0x0000000000063af8        0x4 /home/autobuild/tools/win32/mingw32/lib/libc.dll.a(d000006.o)
 .idata$4       0x0000000000063afc        0x4 /home/autobuild/tools/win32/mingw32/lib/libc.dll.a(d000013.o)
 .idata$4       0x0000000000063b00        0x4 /home/autobuild/tools/win32/mingw32/lib/libc.dll.a(d000327.o)
 .idata$4       0x0000000000063b04        0x4 /home/autobuild/tools/win32/mingw32/lib/libc.dll.a(d000330.o)
 .idata$4       0x0000000000063b08        0x4 /home/autobuild/tools/win32/mingw32/lib/libc.dll.a(d000336.o)
 .idata$4       0x0000000000063b0c        0x4 /home/autobuild/tools/win32/mingw32/lib/libc.dll.a(d000344.o)
 .idata$4       0x0000000000063b10        0x4 /home/autobuild/tools/win32/mingw32/lib/libc.dll.a(d000345.o)
 .idata$4       0x0000000000063b14        0x4 /home/autobuild/tools/win32/mingw32/lib/libc.dll.a(d000350.o)
 .idata$4       0x0000000000063b18        0x4 /home/autobuild/tools/win32/mingw32/lib/libc.dll.a(d000351.o)
 .idata$4       0x0000000000063b1c        0x4 /home/autobuild/tools/win32/mingw32/lib/libc.dll.a(d000360.o)
 .idata$4       0x0000000000063b20        0x4 /home/autobuild/tools/win32/mingw32/lib/libc.dll.a(d000363.o)
 .idata$4       0x0000000000063b24        0x4 /home/autobuild/tools/win32/mingw32/lib/libc.dll.a(d000367.o)
 .idata$4       0x0000000000063b28        0x4 /home/autobuild/tools/win32/mingw32/lib/libc.dll.a(d000379.o)
 .idata$4       0x0000000000063b2c        0x4 /home/autobuild/tools/win32/mingw32/lib/libc.dll.a(d000381.o)
 .idata$4       0x0000000000063b30        0x4 /home/autobuild/tools/win32/mingw32/lib/libc.dll.a(d000406.o)
 .idata$4       0x0000000000063b34        0x4 /home/autobuild/tools/win32/mingw32/lib/libc.dll.a(d000407.o)
 .idata$4       0x0000000000063b38        0x4 /home/autobuild/tools/win32/mingw32/lib/libc.dll.a(d000416.o)
 .idata$4       0x0000000000063b3c        0x4 /home/autobuild/tools/win32/mingw32/lib/libc.dll.a(d000418.o)
 .idata$4       0x0000000000063b40        0x4 /home/autobuild/tools/win32/mingw32/lib/libc.dll.a(d000450.o)
 .idata$4       0x0000000000063b44        0x4 /home/autobuild/tools/win32/mingw32/lib/libc.dll.a(d000459.o)
 .idata$4       0x0000000000063b48        0x4 /home/autobuild/tools/win32/mingw32/lib/libc.dll.a(d000461.o)
 .idata$4       0x0000000000063b4c        0x4 /home/autobuild/tools/win32/mingw32/lib/libc.dll.a(d000473.o)
 .idata$4       0x0000000000063b50        0x4 /home/autobuild/tools/win32/mingw32/lib/libc.dll.a(d000475.o)
 .idata$4       0x0000000000063b54        0x4 /home/autobuild/tools/win32/mingw32/lib/libc.dll.a(d000477.o)
 .idata$4       0x0000000000063b58        0x4 /home/autobuild/tools/win32/mingw32/lib/libc.dll.a(d000489.o)
 .idata$4       0x0000000000063b5c        0x4 /home/autobuild/tools/win32/mingw32/lib/libc.dll.a(d000515.o)
 .idata$4       0x0000000000063b60        0x4 /home/autobuild/tools/win32/mingw32/lib/libc.dll.a(d000568.o)
 .idata$4       0x0000000000063b64        0x4 /home/autobuild/tools/win32/mingw32/lib/libc.dll.a(d000589.o)
 .idata$4       0x0000000000063b68        0x4 /home/autobuild/tools/win32/mingw32/lib/libc.dll.a(d000590.o)
 .idata$4       0x0000000000063b6c        0x4 /home/autobuild/tools/win32/mingw32/lib/libc.dll.a(d000599.o)
 .idata$4       0x0000000000063b70        0x4 /home/autobuild/tools/win32/mingw32/lib/libc.dll.a(d000607.o)
 .idata$4       0x0000000000063b74        0x4 /home/autobuild/tools/win32/mingw32/lib/libc.dll.a(d000620.o)
 .idata$4       0x0000000000063b78        0x4 /home/autobuild/tools/win32/mingw32/lib/libc.dll.a(d000621.o)
 .idata$4       0x0000000000063b7c        0x4 /home/autobuild/tools/win32/mingw32/lib/libc.dll.a(d000623.o)
 .idata$4       0x0000000000063b80        0x4 /home/autobuild/tools/win32/mingw32/lib/libc.dll.a(d000626.o)
 .idata$4       0x0000000000063b84        0x4 /home/autobuild/tools/win32/mingw32/lib/libc.dll.a(d000634.o)
 .idata$4       0x0000000000063b88        0x4 /home/autobuild/tools/win32/mingw32/lib/libc.dll.a(d000647.o)
 .idata$4       0x0000000000063b8c        0x4 /home/autobuild/tools/win32/mingw32/lib/libc.dll.a(d000651.o)
 .idata$4       0x0000000000063b90        0x4 /home/autobuild/tools/win32/mingw32/lib/libc.dll.a(d000662.o)
 .idata$4       0x0000000000063b94        0x4 /home/autobuild/tools/win32/mingw32/lib/libc.dll.a(d000670.o)
 .idata$4       0x0000000000063b98        0x4 /home/autobuild/tools/win32/mingw32/lib/libc.dll.a(d000696.o)
 .idata$4       0x0000000000063b9c        0x4 /home/autobuild/tools/win32/mingw32/lib/libc.dll.a(d000703.o)
 .idata$4       0x0000000000063ba0        0x4 /home/autobuild/tools/win32/mingw32/lib/libc.dll.a(d000707.o)
 .idata$4       0x0000000000063ba4        0x4 /home/autobuild/tools/win32/mingw32/lib/libc.dll.a(d000713.o)
 .idata$4       0x0000000000063ba8        0x4 /home/autobuild/tools/win32/mingw32/lib/libc.dll.a(d000714.o)
 .idata$4       0x0000000000063bac        0x4 /home/autobuild/tools/win32/mingw32/lib/libc.dll.a(d000720.o)
 .idata$4       0x0000000000063bb0        0x4 /home/autobuild/tools/win32/mingw32/lib/libc.dll.a(d000726.o)
 .idata$4       0x0000000000063bb4        0x4 /home/autobuild/tools/win32/mingw32/lib/libc.dll.a(d000730.o)
 .idata$4       0x0000000000063bb8        0x4 /home/autobuild/tools/win32/mingw32/lib/libc.dll.a(d000738.o)
 .idata$4       0x0000000000063bbc        0x4 /home/autobuild/tools/win32/mingw32/lib/libc.dll.a(d000742.o)
 .idata$4       0x0000000000063bc0        0x4 /home/autobuild/tools/win32/mingw32/lib/libc.dll.a(d000743.o)
 .idata$4       0x0000000000063bc4        0x4 /home/autobuild/tools/win32/mingw32/lib/libc.dll.a(d000755.o)
 .idata$4       0x0000000000063bc8        0x4 /home/autobuild/tools/win32/mingw32/lib/libc.dll.a(d000765.o)
 .idata$4       0x0000000000063bcc        0x4 /home/autobuild/tools/win32/mingw32/lib/libc.dll.a(d000766.o)
 .idata$4       0x0000000000063bd0        0x4 /home/autobuild/tools/win32/mingw32/lib/libc.dll.a(d000768.o)
 .idata$4       0x0000000000063bd4        0x4 /home/autobuild/tools/win32/mingw32/lib/libc.dll.a(d000773.o)
 .idata$4       0x0000000000063bd8        0x4 /home/autobuild/tools/win32/mingw32/lib/libc.dll.a(d000775.o)
 .idata$4       0x0000000000063bdc        0x4 /home/autobuild/tools/win32/mingw32/lib/libc.dll.a(d000776.o)
 .idata$4       0x0000000000063be0        0x4 /home/autobuild/tools/win32/mingw32/lib/libc.dll.a(d000810.o)
 .idata$4       0x0000000000063be4        0x4 /home/autobuild/tools/win32/mingw32/lib/libc.dll.a(d000815.o)
 .idata$4       0x0000000000063be8        0x4 /home/autobuild/tools/win32/mingw32/lib/libc.dll.a(d000816.o)
 .idata$4       0x0000000000063bec        0x4 /home/autobuild/tools/win32/mingw32/lib/libc.dll.a(d000879.o)
 SORT(*)(.idata$5)
 .idata$5       0x0000000000063bf0        0x0 /home/autobuild/tools/win32/mingw32/lib/libc.dll.a(d000000.o)
 .idata$5       0x0000000000063bf0        0x4 /home/autobuild/tools/win32/mingw32/lib/libc.dll.a(d000006.o)
                0x0000000000063bf0                _imp____assert_func
 .idata$5       0x0000000000063bf4        0x4 /home/autobuild/tools/win32/mingw32/lib/libc.dll.a(d000013.o)
                0x0000000000063bf4                _imp____errno
 .idata$5       0x0000000000063bf8        0x4 /home/autobuild/tools/win32/mingw32/lib/libc.dll.a(d000327.o)
                0x0000000000063bf8                _imp__abort
 .idata$5       0x0000000000063bfc        0x4 /home/autobuild/tools/win32/mingw32/lib/libc.dll.a(d000330.o)
                0x0000000000063bfc                _imp__acos
 .idata$5       0x0000000000063c00        0x4 /home/autobuild/tools/win32/mingw32/lib/libc.dll.a(d000336.o)
                0x0000000000063c00                _imp__asin
 .idata$5       0x0000000000063c04        0x4 /home/autobuild/tools/win32/mingw32/lib/libc.dll.a(d000344.o)
                0x0000000000063c04                _imp__atan
 .idata$5       0x0000000000063c08        0x4 /home/autobuild/tools/win32/mingw32/lib/libc.dll.a(d000345.o)
                0x0000000000063c08                _imp__atan2
 .idata$5       0x0000000000063c0c        0x4 /home/autobuild/tools/win32/mingw32/lib/libc.dll.a(d000350.o)
                0x0000000000063c0c                _imp__atexit
 .idata$5       0x0000000000063c10        0x4 /home/autobuild/tools/win32/mingw32/lib/libc.dll.a(d000351.o)
                0x0000000000063c10                _imp__atof
 .idata$5       0x0000000000063c14        0x4 /home/autobuild/tools/win32/mingw32/lib/libc.dll.a(d000360.o)
                0x0000000000063c14                _imp__calloc
 .idata$5       0x0000000000063c18        0x4 /home/autobuild/tools/win32/mingw32/lib/libc.dll.a(d000363.o)
                0x0000000000063c18                _imp__ceil
 .idata$5       0x0000000000063c1c        0x4 /home/autobuild/tools/win32/mingw32/lib/libc.dll.a(d000367.o)
                0x0000000000063c1c                _imp__clock
 .idata$5       0x0000000000063c20        0x4 /home/autobuild/tools/win32/mingw32/lib/libc.dll.a(d000379.o)
                0x0000000000063c20                _imp__cos
 .idata$5       0x0000000000063c24        0x4 /home/autobuild/tools/win32/mingw32/lib/libc.dll.a(d000381.o)
                0x0000000000063c24                _imp__cosh
 .idata$5       0x0000000000063c28        0x4 /home/autobuild/tools/win32/mingw32/lib/libc.dll.a(d000406.o)
                0x0000000000063c28                _imp__exit
 .idata$5       0x0000000000063c2c        0x4 /home/autobuild/tools/win32/mingw32/lib/libc.dll.a(d000407.o)
                0x0000000000063c2c                _imp__exp
 .idata$5       0x0000000000063c30        0x4 /home/autobuild/tools/win32/mingw32/lib/libc.dll.a(d000416.o)
                0x0000000000063c30                _imp__fabs
 .idata$5       0x0000000000063c34        0x4 /home/autobuild/tools/win32/mingw32/lib/libc.dll.a(d000418.o)
                0x0000000000063c34                _imp__fclose
 .idata$5       0x0000000000063c38        0x4 /home/autobuild/tools/win32/mingw32/lib/libc.dll.a(d000450.o)
                0x0000000000063c38                _imp__floor
 .idata$5       0x0000000000063c3c        0x4 /home/autobuild/tools/win32/mingw32/lib/libc.dll.a(d000459.o)
                0x0000000000063c3c                _imp__fmod
 .idata$5       0x0000000000063c40        0x4 /home/autobuild/tools/win32/mingw32/lib/libc.dll.a(d000461.o)
                0x0000000000063c40                _imp__fopen
 .idata$5       0x0000000000063c44        0x4 /home/autobuild/tools/win32/mingw32/lib/libc.dll.a(d000473.o)
                0x0000000000063c44                _imp__fread
 .idata$5       0x0000000000063c48        0x4 /home/autobuild/tools/win32/mingw32/lib/libc.dll.a(d000475.o)
                0x0000000000063c48                _imp__free
 .idata$5       0x0000000000063c4c        0x4 /home/autobuild/tools/win32/mingw32/lib/libc.dll.a(d000477.o)
                0x0000000000063c4c                _imp__frexp
 .idata$5       0x0000000000063c50        0x4 /home/autobuild/tools/win32/mingw32/lib/libc.dll.a(d000489.o)
                0x0000000000063c50                _imp__fwrite
 .idata$5       0x0000000000063c54        0x4 /home/autobuild/tools/win32/mingw32/lib/libc.dll.a(d000515.o)
                0x0000000000063c54                _imp__hypot
 .idata$5       0x0000000000063c58        0x4 /home/autobuild/tools/win32/mingw32/lib/libc.dll.a(d000568.o)
                0x0000000000063c58                _imp__ldexp
 .idata$5       0x0000000000063c5c        0x4 /home/autobuild/tools/win32/mingw32/lib/libc.dll.a(d000589.o)
                0x0000000000063c5c                _imp__log
 .idata$5       0x0000000000063c60        0x4 /home/autobuild/tools/win32/mingw32/lib/libc.dll.a(d000590.o)
                0x0000000000063c60                _imp__log10
 .idata$5       0x0000000000063c64        0x4 /home/autobuild/tools/win32/mingw32/lib/libc.dll.a(d000599.o)
                0x0000000000063c64                _imp__longjmp
 .idata$5       0x0000000000063c68        0x4 /home/autobuild/tools/win32/mingw32/lib/libc.dll.a(d000607.o)
                0x0000000000063c68                _imp__malloc
 .idata$5       0x0000000000063c6c        0x4 /home/autobuild/tools/win32/mingw32/lib/libc.dll.a(d000620.o)
                0x0000000000063c6c                _imp__memcmp
 .idata$5       0x0000000000063c70        0x4 /home/autobuild/tools/win32/mingw32/lib/libc.dll.a(d000621.o)
                0x0000000000063c70                _imp__memcpy
 .idata$5       0x0000000000063c74        0x4 /home/autobuild/tools/win32/mingw32/lib/libc.dll.a(d000623.o)
                0x0000000000063c74                _imp__memmove
 .idata$5       0x0000000000063c78        0x4 /home/autobuild/tools/win32/mingw32/lib/libc.dll.a(d000626.o)
                0x0000000000063c78                _imp__memset
 .idata$5       0x0000000000063c7c        0x4 /home/autobuild/tools/win32/mingw32/lib/libc.dll.a(d000634.o)
                0x0000000000063c7c                _imp__modf
 .idata$5       0x0000000000063c80        0x4 /home/autobuild/tools/win32/mingw32/lib/libc.dll.a(d000647.o)
                0x0000000000063c80                _imp__pow
 .idata$5       0x0000000000063c84        0x4 /home/autobuild/tools/win32/mingw32/lib/libc.dll.a(d000651.o)
                0x0000000000063c84                _imp__printf
 .idata$5       0x0000000000063c88        0x4 /home/autobuild/tools/win32/mingw32/lib/libc.dll.a(d000662.o)
                0x0000000000063c88                _imp__qsort
 .idata$5       0x0000000000063c8c        0x4 /home/autobuild/tools/win32/mingw32/lib/libc.dll.a(d000670.o)
                0x0000000000063c8c                _imp__realloc
 .idata$5       0x0000000000063c90        0x4 /home/autobuild/tools/win32/mingw32/lib/libc.dll.a(d000696.o)
                0x0000000000063c90                _imp__setjmp
 .idata$5       0x0000000000063c94        0x4 /home/autobuild/tools/win32/mingw32/lib/libc.dll.a(d000703.o)
                0x0000000000063c94                _imp__sin
 .idata$5       0x0000000000063c98        0x4 /home/autobuild/tools/win32/mingw32/lib/libc.dll.a(d000707.o)
                0x0000000000063c98                _imp__sinh
 .idata$5       0x0000000000063c9c        0x4 /home/autobuild/tools/win32/mingw32/lib/libc.dll.a(d000713.o)
                0x0000000000063c9c                _imp__sprintf
 .idata$5       0x0000000000063ca0        0x4 /home/autobuild/tools/win32/mingw32/lib/libc.dll.a(d000714.o)
                0x0000000000063ca0                _imp__sqrt
 .idata$5       0x0000000000063ca4        0x4 /home/autobuild/tools/win32/mingw32/lib/libc.dll.a(d000720.o)
                0x0000000000063ca4                _imp__stat
 .idata$5       0x0000000000063ca8        0x4 /home/autobuild/tools/win32/mingw32/lib/libc.dll.a(d000726.o)
                0x0000000000063ca8                _imp__strchr
 .idata$5       0x0000000000063cac        0x4 /home/autobuild/tools/win32/mingw32/lib/libc.dll.a(d000730.o)
                0x0000000000063cac                _imp__strcpy
 .idata$5       0x0000000000063cb0        0x4 /home/autobuild/tools/win32/mingw32/lib/libc.dll.a(d000738.o)
                0x0000000000063cb0                _imp__strlen
 .idata$5       0x0000000000063cb4        0x4 /home/autobuild/tools/win32/mingw32/lib/libc.dll.a(d000742.o)
                0x0000000000063cb4                _imp__strncmp
 .idata$5       0x0000000000063cb8        0x4 /home/autobuild/tools/win32/mingw32/lib/libc.dll.a(d000743.o)
                0x0000000000063cb8                _imp__strncpy
 .idata$5       0x0000000000063cbc        0x4 /home/autobuild/tools/win32/mingw32/lib/libc.dll.a(d000755.o)
                0x0000000000063cbc                _imp__strtol
 .idata$5       0x0000000000063cc0        0x4 /home/autobuild/tools/win32/mingw32/lib/libc.dll.a(d000765.o)
                0x0000000000063cc0                _imp__system
 .idata$5       0x0000000000063cc4        0x4 /home/autobuild/tools/win32/mingw32/lib/libc.dll.a(d000766.o)
                0x0000000000063cc4                _imp__tan
 .idata$5       0x0000000000063cc8        0x4 /home/autobuild/tools/win32/mingw32/lib/libc.dll.a(d000768.o)
                0x0000000000063cc8                _imp__tanh
 .idata$5       0x0000000000063ccc        0x4 /home/autobuild/tools/win32/mingw32/lib/libc.dll.a(d000773.o)
                0x0000000000063ccc                _imp__time
 .idata$5       0x0000000000063cd0        0x4 /home/autobuild/tools/win32/mingw32/lib/libc.dll.a(d000775.o)
                0x0000000000063cd0                _imp__tls_alloc
 .idata$5       0x0000000000063cd4        0x4 /home/autobuild/tools/win32/mingw32/lib/libc.dll.a(d000776.o)
                0x0000000000063cd4                _imp__tls_free
 .idata$5       0x0000000000063cd8        0x4 /home/autobuild/tools/win32/mingw32/lib/libc.dll.a(d000810.o)
                0x0000000000063cd8                _imp__vprintf
 .idata$5       0x0000000000063cdc        0x4 /home/autobuild/tools/win32/mingw32/lib/libc.dll.a(d000815.o)
                0x0000000000063cdc                _imp__vsnprintf
 .idata$5       0x0000000000063ce0        0x4 /home/autobuild/tools/win32/mingw32/lib/libc.dll.a(d000816.o)
                0x0000000000063ce0                _imp__vsprintf
 .idata$5       0x0000000000063ce4        0x4 /home/autobuild/tools/win32/mingw32/lib/libc.dll.a(d000879.o)
 SORT(*)(.idata$6)
 .idata$6       0x0000000000063ce8       0x10 /home/autobuild/tools/win32/mingw32/lib/libc.dll.a(d000006.o)
 .idata$6       0x0000000000063cf8        0xc /home/autobuild/tools/win32/mingw32/lib/libc.dll.a(d000013.o)
 .idata$6       0x0000000000063d04        0x8 /home/autobuild/tools/win32/mingw32/lib/libc.dll.a(d000327.o)
 .idata$6       0x0000000000063d0c        0x8 /home/autobuild/tools/win32/mingw32/lib/libc.dll.a(d000330.o)
 .idata$6       0x0000000000063d14        0x8 /home/autobuild/tools/win32/mingw32/lib/libc.dll.a(d000336.o)
 .idata$6       0x0000000000063d1c        0x8 /home/autobuild/tools/win32/mingw32/lib/libc.dll.a(d000344.o)
 .idata$6       0x0000000000063d24        0x8 /home/autobuild/tools/win32/mingw32/lib/libc.dll.a(d000345.o)
 .idata$6       0x0000000000063d2c        0xc /home/autobuild/tools/win32/mingw32/lib/libc.dll.a(d000350.o)
 .idata$6       0x0000000000063d38        0x8 /home/autobuild/tools/win32/mingw32/lib/libc.dll.a(d000351.o)
 .idata$6       0x0000000000063d40        0xc /home/autobuild/tools/win32/mingw32/lib/libc.dll.a(d000360.o)
 .idata$6       0x0000000000063d4c        0x8 /home/autobuild/tools/win32/mingw32/lib/libc.dll.a(d000363.o)
 .idata$6       0x0000000000063d54        0x8 /home/autobuild/tools/win32/mingw32/lib/libc.dll.a(d000367.o)
 .idata$6       0x0000000000063d5c        0x8 /home/autobuild/tools/win32/mingw32/lib/libc.dll.a(d000379.o)
 .idata$6       0x0000000000063d64        0x8 /home/autobuild/tools/win32/mingw32/lib/libc.dll.a(d000381.o)
 .idata$6       0x0000000000063d6c        0x8 /home/autobuild/tools/win32/mingw32/lib/libc.dll.a(d000406.o)
 .idata$6       0x0000000000063d74        0x8 /home/autobuild/tools/win32/mingw32/lib/libc.dll.a(d000407.o)
 .idata$6       0x0000000000063d7c        0x8 /home/autobuild/tools/win32/mingw32/lib/libc.dll.a(d000416.o)
 .idata$6       0x0000000000063d84        0xc /home/autobuild/tools/win32/mingw32/lib/libc.dll.a(d000418.o)
 .idata$6       0x0000000000063d90        0x8 /home/autobuild/tools/win32/mingw32/lib/libc.dll.a(d000450.o)
 .idata$6       0x0000000000063d98        0x8 /home/autobuild/tools/win32/mingw32/lib/libc.dll.a(d000459.o)
 .idata$6       0x0000000000063da0        0x8 /home/autobuild/tools/win32/mingw32/lib/libc.dll.a(d000461.o)
 .idata$6       0x0000000000063da8        0x8 /home/autobuild/tools/win32/mingw32/lib/libc.dll.a(d000473.o)
 .idata$6       0x0000000000063db0        0x8 /home/autobuild/tools/win32/mingw32/lib/libc.dll.a(d000475.o)
 .idata$6       0x0000000000063db8        0x8 /home/autobuild/tools/win32/mingw32/lib/libc.dll.a(d000477.o)
 .idata$6       0x0000000000063dc0        0xc /home/autobuild/tools/win32/mingw32/lib/libc.dll.a(d000489.o)
 .idata$6       0x0000000000063dcc        0x8 /home/autobuild/tools/win32/mingw32/lib/libc.dll.a(d000515.o)
 .idata$6       0x0000000000063dd4        0x8 /home/autobuild/tools/win32/mingw32/lib/libc.dll.a(d000568.o)
 .idata$6       0x0000000000063ddc        0x8 /home/autobuild/tools/win32/mingw32/lib/libc.dll.a(d000589.o)
 .idata$6       0x0000000000063de4        0x8 /home/autobuild/tools/win32/mingw32/lib/libc.dll.a(d000590.o)
 .idata$6       0x0000000000063dec        0xc /home/autobuild/tools/win32/mingw32/lib/libc.dll.a(d000599.o)
 .idata$6       0x0000000000063df8        0xc /home/autobuild/tools/win32/mingw32/lib/libc.dll.a(d000607.o)
 .idata$6       0x0000000000063e04        0xc /home/autobuild/tools/win32/mingw32/lib/libc.dll.a(d000620.o)
 .idata$6       0x0000000000063e10        0xc /home/autobuild/tools/win32/mingw32/lib/libc.dll.a(d000621.o)
 .idata$6       0x0000000000063e1c        0xc /home/autobuild/tools/win32/mingw32/lib/libc.dll.a(d000623.o)
 .idata$6       0x0000000000063e28        0xc /home/autobuild/tools/win32/mingw32/lib/libc.dll.a(d000626.o)
 .idata$6       0x0000000000063e34        0x8 /home/autobuild/tools/win32/mingw32/lib/libc.dll.a(d000634.o)
 .idata$6       0x0000000000063e3c        0x8 /home/autobuild/tools/win32/mingw32/lib/libc.dll.a(d000647.o)
 .idata$6       0x0000000000063e44        0xc /home/autobuild/tools/win32/mingw32/lib/libc.dll.a(d000651.o)
 .idata$6       0x0000000000063e50        0x8 /home/autobuild/tools/win32/mingw32/lib/libc.dll.a(d000662.o)
 .idata$6       0x0000000000063e58        0xc /home/autobuild/tools/win32/mingw32/lib/libc.dll.a(d000670.o)
 .idata$6       0x0000000000063e64        0xc /home/autobuild/tools/win32/mingw32/lib/libc.dll.a(d000696.o)
 .idata$6       0x0000000000063e70        0x8 /home/autobuild/tools/win32/mingw32/lib/libc.dll.a(d000703.o)
 .idata$6       0x0000000000063e78        0x8 /home/autobuild/tools/win32/mingw32/lib/libc.dll.a(d000707.o)
 .idata$6       0x0000000000063e80        0xc /home/autobuild/tools/win32/mingw32/lib/libc.dll.a(d000713.o)
 .idata$6       0x0000000000063e8c        0x8 /home/autobuild/tools/win32/mingw32/lib/libc.dll.a(d000714.o)
 .idata$6       0x0000000000063e94        0x8 /home/autobuild/tools/win32/mingw32/lib/libc.dll.a(d000720.o)
 .idata$6       0x0000000000063e9c        0xc /home/autobuild/tools/win32/mingw32/lib/libc.dll.a(d000726.o)
 .idata$6       0x0000000000063ea8        0xc /home/autobuild/tools/win32/mingw32/lib/libc.dll.a(d000730.o)
 .idata$6       0x0000000000063eb4        0xc /home/autobuild/tools/win32/mingw32/lib/libc.dll.a(d000738.o)
 .idata$6       0x0000000000063ec0        0xc /home/autobuild/tools/win32/mingw32/lib/libc.dll.a(d000742.o)
 .idata$6       0x0000000000063ecc        0xc /home/autobuild/tools/win32/mingw32/lib/libc.dll.a(d000743.o)
 .idata$6       0x0000000000063ed8        0xc /home/autobuild/tools/win32/mingw32/lib/libc.dll.a(d000755.o)
 .idata$6       0x0000000000063ee4        0xc /home/autobuild/tools/win32/mingw32/lib/libc.dll.a(d000765.o)
 .idata$6       0x0000000000063ef0        0x8 /home/autobuild/tools/win32/mingw32/lib/libc.dll.a(d000766.o)
 .idata$6       0x0000000000063ef8        0x8 /home/autobuild/tools/win32/mingw32/lib/libc.dll.a(d000768.o)
 .idata$6       0x0000000000063f00        0x8 /home/autobuild/tools/win32/mingw32/lib/libc.dll.a(d000773.o)
 .idata$6       0x0000000000063f08        0xc /home/autobuild/tools/win32/mingw32/lib/libc.dll.a(d000775.o)
 .idata$6       0x0000000000063f14        0xc /home/autobuild/tools/win32/mingw32/lib/libc.dll.a(d000776.o)
 .idata$6       0x0000000000063f20        0xc /home/autobuild/tools/win32/mingw32/lib/libc.dll.a(d000810.o)
 .idata$6       0x0000000000063f2c        0xc /home/autobuild/tools/win32/mingw32/lib/libc.dll.a(d000815.o)
 .idata$6       0x0000000000063f38        0xc /home/autobuild/tools/win32/mingw32/lib/libc.dll.a(d000816.o)
 SORT(*)(.idata$7)
 .idata$7       0x0000000000063f44        0x4 /home/autobuild/tools/win32/mingw32/lib/libc.dll.a(d000006.o)
 .idata$7       0x0000000000063f48        0x4 /home/autobuild/tools/win32/mingw32/lib/libc.dll.a(d000013.o)
 .idata$7       0x0000000000063f4c        0x4 /home/autobuild/tools/win32/mingw32/lib/libc.dll.a(d000327.o)
 .idata$7       0x0000000000063f50        0x4 /home/autobuild/tools/win32/mingw32/lib/libc.dll.a(d000330.o)
 .idata$7       0x0000000000063f54        0x4 /home/autobuild/tools/win32/mingw32/lib/libc.dll.a(d000336.o)
 .idata$7       0x0000000000063f58        0x4 /home/autobuild/tools/win32/mingw32/lib/libc.dll.a(d000344.o)
 .idata$7       0x0000000000063f5c        0x4 /home/autobuild/tools/win32/mingw32/lib/libc.dll.a(d000345.o)
 .idata$7       0x0000000000063f60        0x4 /home/autobuild/tools/win32/mingw32/lib/libc.dll.a(d000350.o)
 .idata$7       0x0000000000063f64        0x4 /home/autobuild/tools/win32/mingw32/lib/libc.dll.a(d000351.o)
 .idata$7       0x0000000000063f68        0x4 /home/autobuild/tools/win32/mingw32/lib/libc.dll.a(d000360.o)
 .idata$7       0x0000000000063f6c        0x4 /home/autobuild/tools/win32/mingw32/lib/libc.dll.a(d000363.o)
 .idata$7       0x0000000000063f70        0x4 /home/autobuild/tools/win32/mingw32/lib/libc.dll.a(d000367.o)
 .idata$7       0x0000000000063f74        0x4 /home/autobuild/tools/win32/mingw32/lib/libc.dll.a(d000379.o)
 .idata$7       0x0000000000063f78        0x4 /home/autobuild/tools/win32/mingw32/lib/libc.dll.a(d000381.o)
 .idata$7       0x0000000000063f7c        0x4 /home/autobuild/tools/win32/mingw32/lib/libc.dll.a(d000406.o)
 .idata$7       0x0000000000063f80        0x4 /home/autobuild/tools/win32/mingw32/lib/libc.dll.a(d000407.o)
 .idata$7       0x0000000000063f84        0x4 /home/autobuild/tools/win32/mingw32/lib/libc.dll.a(d000416.o)
 .idata$7       0x0000000000063f88        0x4 /home/autobuild/tools/win32/mingw32/lib/libc.dll.a(d000418.o)
 .idata$7       0x0000000000063f8c        0x4 /home/autobuild/tools/win32/mingw32/lib/libc.dll.a(d000450.o)
 .idata$7       0x0000000000063f90        0x4 /home/autobuild/tools/win32/mingw32/lib/libc.dll.a(d000459.o)
 .idata$7       0x0000000000063f94        0x4 /home/autobuild/tools/win32/mingw32/lib/libc.dll.a(d000461.o)
 .idata$7       0x0000000000063f98        0x4 /home/autobuild/tools/win32/mingw32/lib/libc.dll.a(d000473.o)
 .idata$7       0x0000000000063f9c        0x4 /home/autobuild/tools/win32/mingw32/lib/libc.dll.a(d000475.o)
 .idata$7       0x0000000000063fa0        0x4 /home/autobuild/tools/win32/mingw32/lib/libc.dll.a(d000477.o)
 .idata$7       0x0000000000063fa4        0x4 /home/autobuild/tools/win32/mingw32/lib/libc.dll.a(d000489.o)
 .idata$7       0x0000000000063fa8        0x4 /home/autobuild/tools/win32/mingw32/lib/libc.dll.a(d000515.o)
 .idata$7       0x0000000000063fac        0x4 /home/autobuild/tools/win32/mingw32/lib/libc.dll.a(d000568.o)
 .idata$7       0x0000000000063fb0        0x4 /home/autobuild/tools/win32/mingw32/lib/libc.dll.a(d000589.o)
 .idata$7       0x0000000000063fb4        0x4 /home/autobuild/tools/win32/mingw32/lib/libc.dll.a(d000590.o)
 .idata$7       0x0000000000063fb8        0x4 /home/autobuild/tools/win32/mingw32/lib/libc.dll.a(d000599.o)
 .idata$7       0x0000000000063fbc        0x4 /home/autobuild/tools/win32/mingw32/lib/libc.dll.a(d000607.o)
 .idata$7       0x0000000000063fc0        0x4 /home/autobuild/tools/win32/mingw32/lib/libc.dll.a(d000620.o)
 .idata$7       0x0000000000063fc4        0x4 /home/autobuild/tools/win32/mingw32/lib/libc.dll.a(d000621.o)
 .idata$7       0x0000000000063fc8        0x4 /home/autobuild/tools/win32/mingw32/lib/libc.dll.a(d000623.o)
 .idata$7       0x0000000000063fcc        0x4 /home/autobuild/tools/win32/mingw32/lib/libc.dll.a(d000626.o)
 .idata$7       0x0000000000063fd0        0x4 /home/autobuild/tools/win32/mingw32/lib/libc.dll.a(d000634.o)
 .idata$7       0x0000000000063fd4        0x4 /home/autobuild/tools/win32/mingw32/lib/libc.dll.a(d000647.o)
 .idata$7       0x0000000000063fd8        0x4 /home/autobuild/tools/win32/mingw32/lib/libc.dll.a(d000651.o)
 .idata$7       0x0000000000063fdc        0x4 /home/autobuild/tools/win32/mingw32/lib/libc.dll.a(d000662.o)
 .idata$7       0x0000000000063fe0        0x4 /home/autobuild/tools/win32/mingw32/lib/libc.dll.a(d000670.o)
 .idata$7       0x0000000000063fe4        0x4 /home/autobuild/tools/win32/mingw32/lib/libc.dll.a(d000696.o)
 .idata$7       0x0000000000063fe8        0x4 /home/autobuild/tools/win32/mingw32/lib/libc.dll.a(d000703.o)
 .idata$7       0x0000000000063fec        0x4 /home/autobuild/tools/win32/mingw32/lib/libc.dll.a(d000707.o)
 .idata$7       0x0000000000063ff0        0x4 /home/autobuild/tools/win32/mingw32/lib/libc.dll.a(d000713.o)
 .idata$7       0x0000000000063ff4        0x4 /home/autobuild/tools/win32/mingw32/lib/libc.dll.a(d000714.o)
 .idata$7       0x0000000000063ff8        0x4 /home/autobuild/tools/win32/mingw32/lib/libc.dll.a(d000720.o)
 .idata$7       0x0000000000063ffc        0x4 /home/autobuild/tools/win32/mingw32/lib/libc.dll.a(d000726.o)
 .idata$7       0x0000000000064000        0x4 /home/autobuild/tools/win32/mingw32/lib/libc.dll.a(d000730.o)
 .idata$7       0x0000000000064004        0x4 /home/autobuild/tools/win32/mingw32/lib/libc.dll.a(d000738.o)
 .idata$7       0x0000000000064008        0x4 /home/autobuild/tools/win32/mingw32/lib/libc.dll.a(d000742.o)
 .idata$7       0x000000000006400c        0x4 /home/autobuild/tools/win32/mingw32/lib/libc.dll.a(d000743.o)
 .idata$7       0x0000000000064010        0x4 /home/autobuild/tools/win32/mingw32/lib/libc.dll.a(d000755.o)
 .idata$7       0x0000000000064014        0x4 /home/autobuild/tools/win32/mingw32/lib/libc.dll.a(d000765.o)
 .idata$7       0x0000000000064018        0x4 /home/autobuild/tools/win32/mingw32/lib/libc.dll.a(d000766.o)
 .idata$7       0x000000000006401c        0x4 /home/autobuild/tools/win32/mingw32/lib/libc.dll.a(d000768.o)
 .idata$7       0x0000000000064020        0x4 /home/autobuild/tools/win32/mingw32/lib/libc.dll.a(d000773.o)
 .idata$7       0x0000000000064024        0x4 /home/autobuild/tools/win32/mingw32/lib/libc.dll.a(d000775.o)
 .idata$7       0x0000000000064028        0x4 /home/autobuild/tools/win32/mingw32/lib/libc.dll.a(d000776.o)
 .idata$7       0x000000000006402c        0x4 /home/autobuild/tools/win32/mingw32/lib/libc.dll.a(d000810.o)
 .idata$7       0x0000000000064030        0x4 /home/autobuild/tools/win32/mingw32/lib/libc.dll.a(d000815.o)
 .idata$7       0x0000000000064034        0x4 /home/autobuild/tools/win32/mingw32/lib/libc.dll.a(d000816.o)
 .idata$7       0x0000000000064038        0xc /home/autobuild/tools/win32/mingw32/lib/libc.dll.a(d000879.o)
                0x0000000000064038                libc_dll_iname
                0x0000000000064044                __idata_end = .

bss             0x0000000000064050     0xda80
 *(.bss)
 .bss           0x0000000000064050       0x10 tpmain.o
                0x0000000000064050                tp_None
 .bss           0x0000000000064060      0xd60 ../std_modules/modules.o
                0x0000000000064060                _Py_re_syntax_table
                0x0000000000064160                _Py_re_syntax
                0x0000000000064164                re_errno
 .bss           0x0000000000064dc0        0x8 /home/autobuild/tools/win32/mingw32/lib/libSDLn.a(SDL.o)
 .bss           0x0000000000064dc8      0xb08 /home/autobuild/tools/win32/mingw32/lib/libSDLn.a(SDL_error.o)
 .bss           0x00000000000658d0        0x0 /home/autobuild/tools/win32/mingw32/lib/libSDLn.a(SDL_fatal.o)
 .bss           0x00000000000658d0        0x4 /home/autobuild/tools/win32/mingw32/lib/libSDLn.a(SDL_getenv.o)
 .bss           0x00000000000658d4     0xa438 /home/autobuild/tools/win32/mingw32/lib/libSDLn.a(SDL_kolibri_audio.o)
 .bss           0x000000000006fd0c      0xe2c /home/autobuild/tools/win32/mingw32/lib/libSDLn.a(SDL_events.o)
                0x000000000006fd0c                SDL_EventOK
 .bss           0x0000000000070b38      0x654 /home/autobuild/tools/win32/mingw32/lib/libSDLn.a(SDL_keyboard.o)
                0x0000000000070b38                SDL_TranslateUNICODE
 .bss           0x000000000007118c        0xc /home/autobuild/tools/win32/mingw32/lib/libSDLn.a(SDL_mouse.o)
 .bss           0x0000000000071198        0x0 /home/autobuild/tools/win32/mingw32/lib/libSDLn.a(SDL_quit.o)
 .bss           0x0000000000071198        0x0 /home/autobuild/tools/win32/mingw32/lib/libSDLn.a(SDL_sysmutex.o)
 .bss           0x0000000000071198        0x0 /home/autobuild/tools/win32/mingw32/lib/libSDLn.a(SDL_syssem.o)
 .bss           0x0000000000071198        0x0 /home/autobuild/tools/win32/mingw32/lib/libSDLn.a(SDL_systhread.o)
 .bss           0x0000000000071198      0x320 /home/autobuild/tools/win32/mingw32/lib/libSDLn.a(SDL_thread.o)
                0x0000000000071198                _creating_thread_lock
 .bss           0x00000000000714b8       0x20 /home/autobuild/tools/win32/mingw32/lib/libSDLn.a(SDL_timer.o)
                0x00000000000714b8                SDL_alarm_interval
                0x00000000000714bc                SDL_timer_running
                0x00000000000714c0                SDL_timer_started
 .bss           0x00000000000714d8        0x4 /home/autobuild/tools/win32/mingw32/lib/libSDLn.a(SDL_systimer.o)